Start Model Run At  Mon Aug 17 11:37:08 AM EDT 2026
Compiler is set to intel
0: Event not found.

Working Directory is /proj/ie/proj/CMAS/CMASOps2026/CMAQ_CMAS_6/intelmpi_intel_ifort_2024/CCTM/scripts
Build Directory is /proj/ie/proj/CMAS/CMASOps2026/CMAQ_CMAS_6/intelmpi_intel_ifort_2024/CCTM/scripts/BLD_CCTM_v6_intel_debug
Output Directory is /work/users/l/i/lizadams/CMAQv6.0_2022_12SE1_Benchmark_2day//output_CCTM_v6_intel_Bench_2022_12SE1_debug
Log Directory is /work/users/l/i/lizadams/CMAQv6.0_2022_12SE1_Benchmark_2day//output_CCTM_v6_intel_Bench_2022_12SE1_debug/LOGS
Executable Name is CCTM_v6.exe

---CMAQ EXECUTION ID: CMAQ_CCTMv6_lizadams_20260817_153741_220283395 ---

Set up input and output files for Day 2022-07-01.

Existing Logs and Output Files for Day 2022-07-01 Will Be Deleted
rm: No match.

CMAQ Processing of Day 20220701 Began at Mon Aug 17 11:38:19 AM EDT 2026

MPI startup(): "1" shm transport is not supported. "bdw_sse" shm transport will be used.
                  CTM_APPL  |  v6_intel_Bench_2022_12SE1_debug_20220701
#================================================================================#        
#|                                                                              |#        
#|               The Community Multiscale Air Quality (CMAQ) Model              |#        
#|                                  Version 6.0_alpha1                          |#        
#|                                                                              |#        
#|                          Built and Maintained by the                         |#        
#|                        Office of Research and Development                    |#        
#|                   United States Environmental Protection Agency              |#        
#|                                                                              |#        
#|                            https://www.epa.gov/cmaq                          |#        
#|                                                                              |#        
#|       Source Code:   https://www.github.com/USEPA/cmaq/tree/master           |#        
#|       Documentation: https://www.github.com/USEPA/cmaq/tree/master/DOCS      |#        
#|                                                                              |#        
#|         The CMAQ Model is tested and released with cooperation from          |#        
#|         the Community Modeling and Analysis System (CMAS) Center via         |#        
#|         contract support. CMAS is managed by the Institute for the           |#        
#|         Environment, University of North Carolina at Chapel Hill.            |#        
#|         CMAS URL: (https://www.cmascenter.org)                               |#        
#|                                                                              |#        
#================================================================================#        
 
 
     ==================================
     |>---   INITIALIZE I/O-API   ---<|
     ==================================
                                                                     
     This program uses the EPA-AREAL/MCNC-EnvPgms/BAMS/ UNC IE       
     Models-3 I/O Applications Programming Interface, [I/O API]      
     which is built on top of the netCDF I/O library (Copyright      
     993, 1996 University Corporation for Atmospheric Research       
     Unidata Program) and the PVM parallel-programming library       
     (from Oak Ridge National Laboratory).                           
     Copyright (C) 1992-2002 MCNC,                                   
     (C) 1992-2018 Carlie J. Coats, Jr.,                             
     (C) 2003-2012 Baron Advanced Meteorological Systems, LLC, and   
     (C) 2014-2023 UNC Institute for the Environment.                
     Released under the GNU LGPL  License, version 2.1.  See URL     
                                                                     
         https://www.gnu.org/licenses/old-licenses/lgpl-2.1.html     
                                                                     
     for conditions of use.                                          
                                                                     
     ioapi-3.2: $Id: init3.F90 247 2023-03-22 15:59:19Z coats $
     netCDF version 4.8.1 of Aug 13 2026 10:00:20 $
      
 
 
     ===========================================
     |>---   ENVIRONMENT VARIABLE REPORT   ---<|
     ===========================================

     |> Grid and High-Level Model Parameters:
     +=========================================
        ---Env Variable---  |  ---Value---
      --------------------------------------------------------------------------------
                       BLD  |             (default)
                    OUTDIR  |  /work/users/l/i/lizadams/CMAQv6.0_2022_12SE1_Benchmark_2day//output_CCTM_v6_intel_Bench_2022_12SE1_debug
                 NEW_START  |           T
            IGNORE_SOILINP  |           F (default)
              EXECUTION_ID  |  CMAQ_CCTMv6_lizadams_20260817_153741_220283395
                 GRID_NAME  |  SE60BENCH
                 CTM_TSTEP  |       10000
                CTM_RUNLEN  |      240000
              CTM_PROGNAME  |  DRIVER (default)
                CTM_STDATE  |     2022182
                CTM_STTIME  |           0
               NPCOL_NPROW  |  12 8
               CTM_MAXSYNC  |         300
               CTM_MINSYNC  |          60

     |> Multiprocess control, output and error checking:
     +====================================================
        ---Env Variable---  |  ---Value---
      --------------------------------------------------------------------------------
           PRINT_PROC_TIME  |           T
               FL_ERR_STOP  |           F
              CTM_MIO_FILE  |           F (default)
                 CTM_CKSUM  |           T
          AVG_FILE_ENDTIME  |           F
             AVG_CONC_SPCS  |  ALL
                 CONC_SPCS  |  O3 NO ANO3I ANO3J NO2 NH3 ANH4I ANH4J ASO4I ASO4J
           ACONC_BLEV_ELEV  |   1 1
            CONC_BLEV_ELEV  |   1 1
           IOAPI_LOG_WRITE  |           F
                   VERTEXT  |           F
        VERTEXT_COORD_PATH  |  /proj/ie/proj/CMAS/CMASOps2026/CMAQ_CMAS_6/intelmpi_intel_ifort_2024/CCTM/scripts/lonlat.csv
             gc_matrix_nml  |  /proj/ie/proj/CMAS/CMASOps2026/CMAQ_CMAS_6/intelmpi_intel_ifort_2024/CCTM/scripts/BLD_CCTM_v6_intel_debug/GC_cracmm3.nml
             ae_matrix_nml  |  /proj/ie/proj/CMAS/CMASOps2026/CMAQ_CMAS_6/intelmpi_intel_ifort_2024/CCTM/scripts/BLD_CCTM_v6_intel_debug/AE_cracmm3.nml
             nr_matrix_nml  |  /proj/ie/proj/CMAS/CMASOps2026/CMAQ_CMAS_6/intelmpi_intel_ifort_2024/CCTM/scripts/BLD_CCTM_v6_intel_debug/NR_cracmm3.nml
             tr_matrix_nml  |  /proj/ie/proj/CMAS/CMASOps2026/CMAQ_CMAS_6/intelmpi_intel_ifort_2024/CCTM/scripts/BLD_CCTM_v6_intel_debug/Species_Table_TR_0.nml

     |> Chemistry and Photolysis:
     +=============================
        ---Env Variable---  |  ---Value---
      --------------------------------------------------------------------------------
                      MECH  |  cracmm3
              CTM_PHOTDIAG  |           F
            AEROSOL_OPTICS  |           3

      --ATOL settings are in ppmV.--

             GEAR_MAX_ATOL  |   0.100E-06 (default)
             GEAR_MIN_ATOL  |   0.100E-08 (default)
           GEAR_CONC_FLOOR  |   0.100E-11 (default)
                 GEAR_RTOL  |   0.100E-02 (default)
                   RB_RTOL  |   0.100E-02 (default)
                   RB_ATOL  |   0.100E-06 (default)
                  CTM_PVO3  |           F

     |> Aerosols:
     +=============
        ---Env Variable---  |  ---Value---
      --------------------------------------------------------------------------------
                   AERO_MT  |  HYB
            AERO_DYN_TSTEP  |          90
             BC_AERO_M2WET  |           F
             BC_AERO_M2USE  |           T
              STM_SO4TRACK  |           F

     |> Cloud Processes:
     +====================
        ---Env Variable---  |  ---Value---
      --------------------------------------------------------------------------------
                  CLD_DIAG  |           F

     |> Air-Surface Exchange Processes:
     +===================================
        ---Env Variable---  |  ---Value---
      --------------------------------------------------------------------------------
                PX_VERSION  |           T
                CTM_ABFLUX  |           T
                CTM_MOSAIC  |           F
              CTM_SFC_HONO  |           T
               CLM_VERSION  |           F
              NOAH_VERSION  |           F
             CTM_DEPV_FILE  |           F
                CTM_HGBIDI  |           F
         CTM_BIDI_FERT_NH3  |           T
             CTM_USE_STAGE  |           T
           CTM_WBDUST_BELD  |  UNKNOWN (default)
             STAGECTRL_NML  |  /proj/ie/proj/CMAS/CMASOps2026/CMAQ_CMAS_6/intelmpi_intel_ifort_2024/CCTM/scripts/BLD_CCTM_v6_intel_debug/CMAQ_Control_STAGE.nml
             CTM_STAGE_P22  |           F
             CTM_STAGE_E20  |           T
             CTM_STAGE_S22  |           F

     |> Transport Processes:
     +========================
        ---Env Variable---  |  ---Value---
      --------------------------------------------------------------------------------
           VDIFF_DIAG_FILE  |           F
            SIGMA_SYNC_TOP  |   0.700E+00
              ADV_HDIV_LIM  |   0.900E+00 (default)
               CTM_ADV_CFL  |   0.950E+00
                     KZMIN  |           T
                KZU_CUSTOM  |   0.100E+01 (default)
                  CTM_WVEL  |           T
             CTM_GRAV_SETL  |           T

     |> Emissions Parameters:
     +=========================
        ---Env Variable---  |  ---Value---
      --------------------------------------------------------------------------------
             CMAQ_CTRL_NML  |  /proj/ie/proj/CMAS/CMASOps2026/CMAQ_CMAS_6/intelmpi_intel_ifort_2024/CCTM/scripts/BLD_CCTM_v6_intel_debug/CMAQ_Control.nml
          CMAQ_CH_CTRL_NML  |  /proj/ie/proj/CMAS/CMASOps2026/CMAQ_CMAS_6/intelmpi_intel_ifort_2024/CCTM/scripts/BLD_CCTM_v6_intel_debug/CMAQ_Chem_Control_cracmm3.nml
                 N_EMIS_GR  |           2
                 N_EMIS_TR  |           0 (default)
               CTM_EMISCHK  |           F
           CTM_BIOGEMIS_BE  |           T
           CTM_BIOGEMIS_MG  |           F
             USE_MEGAN_LAI  |           F (default)
              MGN_ONLN_DEP  |           F (default)
               BDSNP_MEGAN  |           F
                USE_SEGA_N  |           F
             USE_SEGA_N_EF  |           F
                 BIOG_SPRO  |  DEFAULT (default)
                B3GTS_DIAG  |           F
              CTM_MGEMDIAG  |           F (default)
            CTM_OCEAN_CHEM  |           T
               CTM_WB_DUST  |           T
             CTM_BROWN_VEG  |           T
           CTM_DUSTEM_DIAG  |           F
              CTM_SSEMDIAG  |           F
              CTM_MET_EMIS  |           F (default)
         CTM_MET_EMIS_DIAG  |           F (default)
          CTM_MET_EMIS_HUM  |           F (default)
            CTM_LNO_ONLINE  |           T
             LTNG_ASSIM_DT  |           0 (default)
             USE_LTNG_DATA  |           T
                  LTNGDIAG  |           F
                   MOLSNCG  |   0.350E+03 (default)
                   MOLSNIC  |   0.350E+03 (default)
                LNO_OPTION  |           1
                 N_EMIS_PT  |          11
                    IPVERT  |           0 (default)
             EMIS_SYM_DATE  |           F (default)

     |> Process Analysis Parameters:
     +================================
        ---Env Variable---  |  ---Value---
      --------------------------------------------------------------------------------
                CTM_PROCAN  |           F
                CTM_BUDGET  |  /work/users/l/i/lizadams/CMAQv6.0_2022_12SE1_Benchmark_2day//output_CCTM_v6_intel_Bench_2022_12SE1_debug/CCTM_BUDGET_v6_intel_Bench_2022_12SE1_debug_20220701.txt -v
                 MET_TSTEP  |       10000 (default)

     MET data determined based on WRF ARW version 4.4.2

 
          -=-  MPP Processor-to-Subdomain Map  -=-
                 Number of Processors =  96
    ____________________________________________________
    |                                                  |
    |  PE    #Cols    Col_Range     #Rows    Row_Range |
    |__________________________________________________|
    |                                                  |
    |  0        9      1:   9         10      1:  10   |
    |  1        9     10:  18         10      1:  10   |
    |  2        9     19:  27         10      1:  10   |
    |  3        9     28:  36         10      1:  10   |
    |  4        8     37:  44         10      1:  10   |
    |  5        8     45:  52         10      1:  10   |
    |  6        8     53:  60         10      1:  10   |
    |  7        8     61:  68         10      1:  10   |
    |  8        8     69:  76         10      1:  10   |
    |  9        8     77:  84         10      1:  10   |
    | 10        8     85:  92         10      1:  10   |
    | 11        8     93: 100         10      1:  10   |
    | 12        9      1:   9         10     11:  20   |
    | 13        9     10:  18         10     11:  20   |
    | 14        9     19:  27         10     11:  20   |
    | 15        9     28:  36         10     11:  20   |
    | 16        8     37:  44         10     11:  20   |
    | 17        8     45:  52         10     11:  20   |
    | 18        8     53:  60         10     11:  20   |
    | 19        8     61:  68         10     11:  20   |
    | 20        8     69:  76         10     11:  20   |
    | 21        8     77:  84         10     11:  20   |
    | 22        8     85:  92         10     11:  20   |
    | 23        8     93: 100         10     11:  20   |
    | 24        9      1:   9         10     21:  30   |
    | 25        9     10:  18         10     21:  30   |
    | 26        9     19:  27         10     21:  30   |
    | 27        9     28:  36         10     21:  30   |
    | 28        8     37:  44         10     21:  30   |
    | 29        8     45:  52         10     21:  30   |
    | 30        8     53:  60         10     21:  30   |
    | 31        8     61:  68         10     21:  30   |
    | 32        8     69:  76         10     21:  30   |
    | 33        8     77:  84         10     21:  30   |
    | 34        8     85:  92         10     21:  30   |
    | 35        8     93: 100         10     21:  30   |
    | 36        9      1:   9         10     31:  40   |
    | 37        9     10:  18         10     31:  40   |
    | 38        9     19:  27         10     31:  40   |
    | 39        9     28:  36         10     31:  40   |
    | 40        8     37:  44         10     31:  40   |
    | 41        8     45:  52         10     31:  40   |
    | 42        8     53:  60         10     31:  40   |
    | 43        8     61:  68         10     31:  40   |
    | 44        8     69:  76         10     31:  40   |
    | 45        8     77:  84         10     31:  40   |
    | 46        8     85:  92         10     31:  40   |
    | 47        8     93: 100         10     31:  40   |
    | 48        9      1:   9         10     41:  50   |
    | 49        9     10:  18         10     41:  50   |
    | 50        9     19:  27         10     41:  50   |
    | 51        9     28:  36         10     41:  50   |
    | 52        8     37:  44         10     41:  50   |
    | 53        8     45:  52         10     41:  50   |
    | 54        8     53:  60         10     41:  50   |
    | 55        8     61:  68         10     41:  50   |
    | 56        8     69:  76         10     41:  50   |
    | 57        8     77:  84         10     41:  50   |
    | 58        8     85:  92         10     41:  50   |
    | 59        8     93: 100         10     41:  50   |
    | 60        9      1:   9         10     51:  60   |
    | 61        9     10:  18         10     51:  60   |
    | 62        9     19:  27         10     51:  60   |
    | 63        9     28:  36         10     51:  60   |
    | 64        8     37:  44         10     51:  60   |
    | 65        8     45:  52         10     51:  60   |
    | 66        8     53:  60         10     51:  60   |
    | 67        8     61:  68         10     51:  60   |
    | 68        8     69:  76         10     51:  60   |
    | 69        8     77:  84         10     51:  60   |
    | 70        8     85:  92         10     51:  60   |
    | 71        8     93: 100         10     51:  60   |
    | 72        9      1:   9         10     61:  70   |
    | 73        9     10:  18         10     61:  70   |
    | 74        9     19:  27         10     61:  70   |
    | 75        9     28:  36         10     61:  70   |
    | 76        8     37:  44         10     61:  70   |
    | 77        8     45:  52         10     61:  70   |
    | 78        8     53:  60         10     61:  70   |
    | 79        8     61:  68         10     61:  70   |
    | 80        8     69:  76         10     61:  70   |
    | 81        8     77:  84         10     61:  70   |
    | 82        8     85:  92         10     61:  70   |
    | 83        8     93: 100         10     61:  70   |
    | 84        9      1:   9         10     71:  80   |
    | 85        9     10:  18         10     71:  80   |
    | 86        9     19:  27         10     71:  80   |
    | 87        9     28:  36         10     71:  80   |
    | 88        8     37:  44         10     71:  80   |
    | 89        8     45:  52         10     71:  80   |
    | 90        8     53:  60         10     71:  80   |
    | 91        8     61:  68         10     71:  80   |
    | 92        8     69:  76         10     71:  80   |
    | 93        8     77:  84         10     71:  80   |
    | 94        8     85:  92         10     71:  80   |
    | 95        8     93: 100         10     71:  80   |
    |__________________________________________________|
 
 
 
     ================================
     |>---   TIME INTEGRATION   ---<|
     ================================
 
     Processing Day/Time [YYYYDDD:HHMMSS]: 2022182:000000
       Which is Equivalent to (UTC): 0:00:00  Friday,  July 1, 2022
       Time-Step Length (HHMMSS): 000500
                 VDIFF completed...      10.6738 seconds
                COUPLE completed...       0.8148 seconds
                  HADV completed...       4.2561 seconds
                  ZADV completed...       0.0979 seconds
                 HDIFF completed...       6.1206 seconds
              DECOUPLE completed...       0.0268 seconds
                  PHOT completed...     232.4583 seconds
               CLDPROC completed...       0.0876 seconds
                  CHEM completed...      10.5872 seconds
                  AERO completed...       0.5725 seconds
            Master Time Step
            Processing completed...     265.6984 seconds
 
     Processing Day/Time [YYYYDDD:HHMMSS]: 2022182:000500
       Which is Equivalent to (UTC): 0:05:00  Friday,  July 1, 2022
       Time-Step Length (HHMMSS): 000500
                 VDIFF completed...       2.0270 seconds
                COUPLE completed...       0.0261 seconds
                  HADV completed...       0.6465 seconds
                  ZADV completed...       0.0989 seconds
                 HDIFF completed...       0.0775 seconds
              DECOUPLE completed...       0.0270 seconds
                  PHOT completed...       0.3882 seconds
               CLDPROC completed...       0.0910 seconds
                  CHEM completed...       9.6366 seconds
                  AERO completed...       0.5665 seconds
            Master Time Step
            Processing completed...      13.5887 seconds
 
     Processing Day/Time [YYYYDDD:HHMMSS]: 2022182:001000
       Which is Equivalent to (UTC): 0:10:00  Friday,  July 1, 2022
       Time-Step Length (HHMMSS): 000500
                 VDIFF completed...       2.0286 seconds
                COUPLE completed...       0.0260 seconds
                  HADV completed...       0.6423 seconds
                  ZADV completed...       0.0986 seconds
                 HDIFF completed...       0.0771 seconds
              DECOUPLE completed...       0.0274 seconds
                  PHOT completed...       0.3872 seconds
               CLDPROC completed...       0.0908 seconds
                  CHEM completed...       9.5147 seconds
                  AERO completed...       0.5684 seconds
            Master Time Step
            Processing completed...      13.4643 seconds
 
     Processing Day/Time [YYYYDDD:HHMMSS]: 2022182:001500
       Which is Equivalent to (UTC): 0:15:00  Friday,  July 1, 2022
       Time-Step Length (HHMMSS): 000500
                 VDIFF completed...       2.0809 seconds
                COUPLE completed...       0.0259 seconds
                  HADV completed...       0.6457 seconds
                  ZADV completed...       0.0987 seconds
                 HDIFF completed...       0.0774 seconds
              DECOUPLE completed...       0.0280 seconds
                  PHOT completed...       0.3892 seconds
               CLDPROC completed...       0.0889 seconds
                  CHEM completed...       9.3746 seconds
                  AERO completed...       0.5660 seconds
            Master Time Step
            Processing completed...      13.3785 seconds
 
     Processing Day/Time [YYYYDDD:HHMMSS]: 2022182:002000
       Which is Equivalent to (UTC): 0:20:00  Friday,  July 1, 2022
       Time-Step Length (HHMMSS): 000500
                 VDIFF completed...       2.2567 seconds
                COUPLE completed...       0.0262 seconds
                  HADV completed...       0.6463 seconds
                  ZADV completed...       0.0987 seconds
                 HDIFF completed...       0.0786 seconds
              DECOUPLE completed...       0.0273 seconds
                  PHOT completed...       0.3891 seconds
               CLDPROC completed...       0.0904 seconds
                  CHEM completed...       9.2524 seconds
                  AERO completed...       0.5685 seconds
            Master Time Step
            Processing completed...      13.4374 seconds
 
     Processing Day/Time [YYYYDDD:HHMMSS]: 2022182:002500
       Which is Equivalent to (UTC): 0:25:00  Friday,  July 1, 2022
       Time-Step Length (HHMMSS): 000500
                 VDIFF completed...       2.0911 seconds
                COUPLE completed...       0.0260 seconds
                  HADV completed...       0.6417 seconds
                  ZADV completed...       0.0989 seconds
                 HDIFF completed...       0.0784 seconds
              DECOUPLE completed...       0.0278 seconds
                  PHOT completed...       0.3639 seconds
               CLDPROC completed...       0.0909 seconds
                  CHEM completed...       9.3662 seconds
                  AERO completed...       0.5659 seconds
            Master Time Step
            Processing completed...      13.3541 seconds
 
     Processing Day/Time [YYYYDDD:HHMMSS]: 2022182:003000
       Which is Equivalent to (UTC): 0:30:00  Friday,  July 1, 2022
       Time-Step Length (HHMMSS): 000500
                 VDIFF completed...       1.9964 seconds
                COUPLE completed...       0.0261 seconds
                  HADV completed...       0.6543 seconds
                  ZADV completed...       0.0995 seconds
                 HDIFF completed...       0.0780 seconds
              DECOUPLE completed...       0.0277 seconds
                  PHOT completed...       0.2311 seconds
               CLDPROC completed...       0.0900 seconds
                  CHEM completed...       8.6841 seconds
                  AERO completed...       0.5669 seconds
            Master Time Step
            Processing completed...      12.4575 seconds
 
     Processing Day/Time [YYYYDDD:HHMMSS]: 2022182:003500
       Which is Equivalent to (UTC): 0:35:00  Friday,  July 1, 2022
       Time-Step Length (HHMMSS): 000500
                 VDIFF completed...       1.9097 seconds
                COUPLE completed...       0.0260 seconds
                  HADV completed...       0.6445 seconds
                  ZADV completed...       0.0996 seconds
                 HDIFF completed...       0.0790 seconds
              DECOUPLE completed...       0.0280 seconds
                  PHOT completed...       0.2325 seconds
               CLDPROC completed...       0.0908 seconds
                  CHEM completed...       6.8283 seconds
                  AERO completed...       0.5656 seconds
            Master Time Step
            Processing completed...      10.5076 seconds
 
     Processing Day/Time [YYYYDDD:HHMMSS]: 2022182:004000
       Which is Equivalent to (UTC): 0:40:00  Friday,  July 1, 2022
       Time-Step Length (HHMMSS): 000500
                 VDIFF completed...       2.5953 seconds
                COUPLE completed...       0.0264 seconds
                  HADV completed...       0.9623 seconds
                  ZADV completed...       0.0993 seconds
                 HDIFF completed...       0.0778 seconds
              DECOUPLE completed...       0.0276 seconds
                  PHOT completed...       0.2317 seconds
               CLDPROC completed...       0.0894 seconds
                  CHEM completed...       5.7407 seconds
                  AERO completed...       0.5646 seconds
            Master Time Step
            Processing completed...      10.4187 seconds
 
     Processing Day/Time [YYYYDDD:HHMMSS]: 2022182:004500
       Which is Equivalent to (UTC): 0:45:00  Friday,  July 1, 2022
       Time-Step Length (HHMMSS): 000500
                 VDIFF completed...       2.2860 seconds
                COUPLE completed...       0.0260 seconds
                  HADV completed...       1.9433 seconds
                  ZADV completed...       0.0991 seconds
                 HDIFF completed...       0.0808 seconds
              DECOUPLE completed...       0.0275 seconds
                  PHOT completed...       0.2313 seconds
               CLDPROC completed...       0.0892 seconds
                  CHEM completed...       5.1724 seconds
                  AERO completed...       0.5649 seconds
            Master Time Step
            Processing completed...      10.5241 seconds
 
     Processing Day/Time [YYYYDDD:HHMMSS]: 2022182:005000
       Which is Equivalent to (UTC): 0:50:00  Friday,  July 1, 2022
       Time-Step Length (HHMMSS): 000500
                 VDIFF completed...       2.1640 seconds
                COUPLE completed...       0.0259 seconds
                  HADV completed...       1.4010 seconds
                  ZADV completed...       0.0986 seconds
                 HDIFF completed...       0.0824 seconds
              DECOUPLE completed...       0.0277 seconds
                  PHOT completed...       0.2176 seconds
               CLDPROC completed...       0.0896 seconds
                  CHEM completed...       4.8431 seconds
                  AERO completed...       0.5663 seconds
            Master Time Step
            Processing completed...       9.5199 seconds
 
     Processing Day/Time [YYYYDDD:HHMMSS]: 2022182:005500
       Which is Equivalent to (UTC): 0:55:00  Friday,  July 1, 2022
       Time-Step Length (HHMMSS): 000500
                 VDIFF completed...       2.2923 seconds
                COUPLE completed...       0.0277 seconds
                  HADV completed...       0.6447 seconds
                  ZADV completed...       0.0989 seconds
                 HDIFF completed...       2.5032 seconds
              DECOUPLE completed...       0.0273 seconds
                  PHOT completed...       0.0247 seconds
               CLDPROC completed...       0.3732 seconds
                  CHEM completed...       4.5938 seconds
                  AERO completed...       0.5665 seconds
            Master Time Step
            Processing completed...      11.1558 seconds
 
      =--> Data Output completed...       0.8253 seconds
 
     Processing Day/Time [YYYYDDD:HHMMSS]: 2022182:010000
       Which is Equivalent to (UTC): 1:00:00  Friday,  July 1, 2022
       Time-Step Length (HHMMSS): 000500
                 VDIFF completed...       2.1516 seconds
                COUPLE completed...       0.0259 seconds
                  HADV completed...       0.8058 seconds
                  ZADV completed...       0.0997 seconds
                 HDIFF completed...       0.0848 seconds
              DECOUPLE completed...       0.0273 seconds
                  PHOT completed...       0.0169 seconds
               CLDPROC completed...       0.0899 seconds
                  CHEM completed...       4.4339 seconds
                  AERO completed...       0.5855 seconds
            Master Time Step
            Processing completed...       8.3249 seconds
 
     Processing Day/Time [YYYYDDD:HHMMSS]: 2022182:010500
       Which is Equivalent to (UTC): 1:05:00  Friday,  July 1, 2022
       Time-Step Length (HHMMSS): 000500
                 VDIFF completed...       1.9730 seconds
                COUPLE completed...       0.0259 seconds
                  HADV completed...       0.6414 seconds
                  ZADV completed...       0.0991 seconds
                 HDIFF completed...       0.0823 seconds
              DECOUPLE completed...       0.0277 seconds
                  PHOT completed...       0.0160 seconds
               CLDPROC completed...       0.0896 seconds
                  CHEM completed...       4.3131 seconds
                  AERO completed...       0.5907 seconds
            Master Time Step
            Processing completed...       7.8622 seconds
 
     Processing Day/Time [YYYYDDD:HHMMSS]: 2022182:011000
       Which is Equivalent to (UTC): 1:10:00  Friday,  July 1, 2022
       Time-Step Length (HHMMSS): 000500
                 VDIFF completed...       1.9864 seconds
                COUPLE completed...       0.0259 seconds
                  HADV completed...       0.6448 seconds
                  ZADV completed...       0.0998 seconds
                 HDIFF completed...       0.0798 seconds
              DECOUPLE completed...       0.0278 seconds
                  PHOT completed...       0.0161 seconds
               CLDPROC completed...       0.0899 seconds
                  CHEM completed...       4.2317 seconds
                  AERO completed...       0.5870 seconds
            Master Time Step
            Processing completed...       7.7927 seconds
 
     Processing Day/Time [YYYYDDD:HHMMSS]: 2022182:011500
       Which is Equivalent to (UTC): 1:15:00  Friday,  July 1, 2022
       Time-Step Length (HHMMSS): 000500
                 VDIFF completed...       1.9393 seconds
                COUPLE completed...       0.0259 seconds
                  HADV completed...       0.6417 seconds
                  ZADV completed...       0.0998 seconds
                 HDIFF completed...       0.0798 seconds
              DECOUPLE completed...       0.0280 seconds
                  PHOT completed...       0.0163 seconds
               CLDPROC completed...       0.0899 seconds
                  CHEM completed...       4.1757 seconds
                  AERO completed...       0.5858 seconds
            Master Time Step
            Processing completed...       7.6856 seconds
 
     Processing Day/Time [YYYYDDD:HHMMSS]: 2022182:012000
       Which is Equivalent to (UTC): 1:20:00  Friday,  July 1, 2022
       Time-Step Length (HHMMSS): 000500
                 VDIFF completed...       1.9525 seconds
                COUPLE completed...       0.0263 seconds
                  HADV completed...       0.6474 seconds
                  ZADV completed...       0.1001 seconds
                 HDIFF completed...       0.0779 seconds
              DECOUPLE completed...       0.0289 seconds
                  PHOT completed...       0.0167 seconds
               CLDPROC completed...       0.0929 seconds
                  CHEM completed...       4.0965 seconds
                  AERO completed...       0.5858 seconds
            Master Time Step
            Processing completed...       7.6283 seconds
 
     Processing Day/Time [YYYYDDD:HHMMSS]: 2022182:012500
       Which is Equivalent to (UTC): 1:25:00  Friday,  July 1, 2022
       Time-Step Length (HHMMSS): 000500
                 VDIFF completed...       1.9582 seconds
                COUPLE completed...       0.0260 seconds
                  HADV completed...       0.6490 seconds
                  ZADV completed...       0.0997 seconds
                 HDIFF completed...       0.0758 seconds
              DECOUPLE completed...       0.0278 seconds
                  PHOT completed...       0.0161 seconds
               CLDPROC completed...       0.0918 seconds
                  CHEM completed...       4.0205 seconds
                  AERO completed...       0.5837 seconds
            Master Time Step
            Processing completed...       7.5523 seconds
 
     Processing Day/Time [YYYYDDD:HHMMSS]: 2022182:013000
       Which is Equivalent to (UTC): 1:30:00  Friday,  July 1, 2022
       Time-Step Length (HHMMSS): 000500
                 VDIFF completed...       1.9903 seconds
                COUPLE completed...       0.0260 seconds
                  HADV completed...       0.6980 seconds
                  ZADV completed...       0.0995 seconds
                 HDIFF completed...       0.0759 seconds
              DECOUPLE completed...       0.0281 seconds
                  PHOT completed...       0.0160 seconds
               CLDPROC completed...       0.0895 seconds
                  CHEM completed...       3.9548 seconds
                  AERO completed...       0.5863 seconds
            Master Time Step
            Processing completed...       7.5681 seconds
 
     Processing Day/Time [YYYYDDD:HHMMSS]: 2022182:013500
       Which is Equivalent to (UTC): 1:35:00  Friday,  July 1, 2022
       Time-Step Length (HHMMSS): 000500
                 VDIFF completed...       1.9882 seconds
                COUPLE completed...       0.0263 seconds
                  HADV completed...       0.6402 seconds
                  ZADV completed...       0.0989 seconds
                 HDIFF completed...       0.0768 seconds
              DECOUPLE completed...       0.0278 seconds
                  PHOT completed...       0.0161 seconds
               CLDPROC completed...       0.0896 seconds
                  CHEM completed...       3.9088 seconds
                  AERO completed...       0.5856 seconds
            Master Time Step
            Processing completed...       7.4619 seconds
 
     Processing Day/Time [YYYYDDD:HHMMSS]: 2022182:014000
       Which is Equivalent to (UTC): 1:40:00  Friday,  July 1, 2022
       Time-Step Length (HHMMSS): 000500
                 VDIFF completed...       1.9797 seconds
                COUPLE completed...       0.0262 seconds
                  HADV completed...       0.6398 seconds
                  ZADV completed...       0.0989 seconds
                 HDIFF completed...       0.0766 seconds
              DECOUPLE completed...       0.0275 seconds
                  PHOT completed...       0.0164 seconds
               CLDPROC completed...       0.0904 seconds
                  CHEM completed...       3.8571 seconds
                  AERO completed...       0.5876 seconds
            Master Time Step
            Processing completed...       7.4039 seconds
 
     Processing Day/Time [YYYYDDD:HHMMSS]: 2022182:014500
       Which is Equivalent to (UTC): 1:45:00  Friday,  July 1, 2022
       Time-Step Length (HHMMSS): 000500
                 VDIFF completed...       1.9656 seconds
                COUPLE completed...       0.0260 seconds
                  HADV completed...       0.6404 seconds
                  ZADV completed...       0.0987 seconds
                 HDIFF completed...       0.0778 seconds
              DECOUPLE completed...       0.0273 seconds
                  PHOT completed...       0.0160 seconds
               CLDPROC completed...       0.0893 seconds
                  CHEM completed...       3.7986 seconds
                  AERO completed...       0.5845 seconds
            Master Time Step
            Processing completed...       7.3279 seconds
 
     Processing Day/Time [YYYYDDD:HHMMSS]: 2022182:015000
       Which is Equivalent to (UTC): 1:50:00  Friday,  July 1, 2022
       Time-Step Length (HHMMSS): 000500
                 VDIFF completed...       2.0110 seconds
                COUPLE completed...       0.0259 seconds
                  HADV completed...       0.6375 seconds
                  ZADV completed...       0.0986 seconds
                 HDIFF completed...       0.0772 seconds
              DECOUPLE completed...       0.0275 seconds
                  PHOT completed...       0.0159 seconds
               CLDPROC completed...       0.0891 seconds
                  CHEM completed...       3.7448 seconds
                  AERO completed...       0.5824 seconds
            Master Time Step
            Processing completed...       7.3135 seconds
 
     Processing Day/Time [YYYYDDD:HHMMSS]: 2022182:015500
       Which is Equivalent to (UTC): 1:55:00  Friday,  July 1, 2022
       Time-Step Length (HHMMSS): 000500
                 VDIFF completed...       2.0803 seconds
                COUPLE completed...       0.0275 seconds
                  HADV completed...       0.6392 seconds
                  ZADV completed...       0.0987 seconds
                 HDIFF completed...       0.0814 seconds
              DECOUPLE completed...       0.0276 seconds
                  PHOT completed...       0.0160 seconds
               CLDPROC completed...       0.2553 seconds
                  CHEM completed...       3.6917 seconds
                  AERO completed...       0.5723 seconds
            Master Time Step
            Processing completed...       7.4936 seconds
 
      =--> Data Output completed...       0.5447 seconds
 
     Processing Day/Time [YYYYDDD:HHMMSS]: 2022182:020000
       Which is Equivalent to (UTC): 2:00:00  Friday,  July 1, 2022
       Time-Step Length (HHMMSS): 000500
                 VDIFF completed...       2.1684 seconds
                COUPLE completed...       0.0258 seconds
                  HADV completed...       0.7848 seconds
                  ZADV completed...       0.0987 seconds
                 HDIFF completed...       0.0791 seconds
              DECOUPLE completed...       0.0271 seconds
                  PHOT completed...       0.0169 seconds
               CLDPROC completed...       0.0900 seconds
                  CHEM completed...       3.6616 seconds
                  AERO completed...       0.5842 seconds
            Master Time Step
            Processing completed...       7.5398 seconds
 
     Processing Day/Time [YYYYDDD:HHMMSS]: 2022182:020500
       Which is Equivalent to (UTC): 2:05:00  Friday,  July 1, 2022
       Time-Step Length (HHMMSS): 000500
                 VDIFF completed...       2.0610 seconds
                COUPLE completed...       0.0268 seconds
                  HADV completed...       0.6081 seconds
                  ZADV completed...       0.0989 seconds
                 HDIFF completed...       0.0792 seconds
              DECOUPLE completed...       0.0277 seconds
                  PHOT completed...       0.0162 seconds
               CLDPROC completed...       0.0896 seconds
                  CHEM completed...       3.6420 seconds
                  AERO completed...       0.5874 seconds
            Master Time Step
            Processing completed...       7.2400 seconds
 
     Processing Day/Time [YYYYDDD:HHMMSS]: 2022182:021000
       Which is Equivalent to (UTC): 2:10:00  Friday,  July 1, 2022
       Time-Step Length (HHMMSS): 000500
                 VDIFF completed...       2.0672 seconds
                COUPLE completed...       0.0264 seconds
                  HADV completed...       0.6132 seconds
                  ZADV completed...       0.0987 seconds
                 HDIFF completed...       0.0764 seconds
              DECOUPLE completed...       0.0278 seconds
                  PHOT completed...       0.0159 seconds
               CLDPROC completed...       0.0893 seconds
                  CHEM completed...       3.6134 seconds
                  AERO completed...       0.5842 seconds
            Master Time Step
            Processing completed...       7.2157 seconds
 
     Processing Day/Time [YYYYDDD:HHMMSS]: 2022182:021500
       Which is Equivalent to (UTC): 2:15:00  Friday,  July 1, 2022
       Time-Step Length (HHMMSS): 000500
                 VDIFF completed...       5.1278 seconds
                COUPLE completed...       0.0258 seconds
                  HADV completed...       0.6084 seconds
                  ZADV completed...       0.0994 seconds
                 HDIFF completed...       0.0832 seconds
              DECOUPLE completed...       0.0277 seconds
                  PHOT completed...       0.0158 seconds
               CLDPROC completed...       0.0894 seconds
                  CHEM completed...       3.5963 seconds
                  AERO completed...       0.5858 seconds
            Master Time Step
            Processing completed...      10.2630 seconds
 
     Processing Day/Time [YYYYDDD:HHMMSS]: 2022182:022000
       Which is Equivalent to (UTC): 2:20:00  Friday,  July 1, 2022
       Time-Step Length (HHMMSS): 000500
                 VDIFF completed...       2.0642 seconds
                COUPLE completed...       0.0258 seconds
                  HADV completed...       0.6201 seconds
                  ZADV completed...       0.0991 seconds
                 HDIFF completed...       0.0752 seconds
              DECOUPLE completed...       0.0276 seconds
                  PHOT completed...       0.0161 seconds
               CLDPROC completed...       0.0896 seconds
                  CHEM completed...       3.5893 seconds
                  AERO completed...       0.5894 seconds
            Master Time Step
            Processing completed...       7.1996 seconds
 
     Processing Day/Time [YYYYDDD:HHMMSS]: 2022182:022500
       Which is Equivalent to (UTC): 2:25:00  Friday,  July 1, 2022
       Time-Step Length (HHMMSS): 000500
                 VDIFF completed...       2.0610 seconds
                COUPLE completed...       0.0265 seconds
                  HADV completed...       0.6099 seconds
                  ZADV completed...       0.0995 seconds
                 HDIFF completed...       0.0753 seconds
              DECOUPLE completed...       0.0281 seconds
                  PHOT completed...       0.0168 seconds
               CLDPROC completed...       0.0906 seconds
                  CHEM completed...       3.5706 seconds
                  AERO completed...       0.5897 seconds
            Master Time Step
            Processing completed...       7.1711 seconds
 
     Processing Day/Time [YYYYDDD:HHMMSS]: 2022182:023000
       Which is Equivalent to (UTC): 2:30:00  Friday,  July 1, 2022
       Time-Step Length (HHMMSS): 000500
                 VDIFF completed...       2.0728 seconds
                COUPLE completed...       0.0258 seconds
                  HADV completed...       0.6103 seconds
                  ZADV completed...       0.0992 seconds
                 HDIFF completed...       0.0747 seconds
              DECOUPLE completed...       0.0273 seconds
                  PHOT completed...       0.0158 seconds
               CLDPROC completed...       0.0892 seconds
                  CHEM completed...       3.5446 seconds
                  AERO completed...       0.5873 seconds
            Master Time Step
            Processing completed...       7.1503 seconds
 
     Processing Day/Time [YYYYDDD:HHMMSS]: 2022182:023500
       Which is Equivalent to (UTC): 2:35:00  Friday,  July 1, 2022
       Time-Step Length (HHMMSS): 000500
                 VDIFF completed...       2.0900 seconds
                COUPLE completed...       0.0260 seconds
                  HADV completed...       0.6074 seconds
                  ZADV completed...       0.0992 seconds
                 HDIFF completed...       0.0750 seconds
              DECOUPLE completed...       0.0275 seconds
                  PHOT completed...       0.0159 seconds
               CLDPROC completed...       0.0892 seconds
                  CHEM completed...       3.5217 seconds
                  AERO completed...       0.5850 seconds
            Master Time Step
            Processing completed...       7.1403 seconds
 
     Processing Day/Time [YYYYDDD:HHMMSS]: 2022182:024000
       Which is Equivalent to (UTC): 2:40:00  Friday,  July 1, 2022
       Time-Step Length (HHMMSS): 000500
                 VDIFF completed...       2.0608 seconds
                COUPLE completed...       0.0264 seconds
                  HADV completed...       0.6062 seconds
                  ZADV completed...       0.0985 seconds
                 HDIFF completed...       0.0759 seconds
              DECOUPLE completed...       0.0273 seconds
                  PHOT completed...       0.0158 seconds
               CLDPROC completed...       0.0892 seconds
                  CHEM completed...       3.5218 seconds
                  AERO completed...       0.5857 seconds
            Master Time Step
            Processing completed...       7.1109 seconds
 
     Processing Day/Time [YYYYDDD:HHMMSS]: 2022182:024500
       Which is Equivalent to (UTC): 2:45:00  Friday,  July 1, 2022
       Time-Step Length (HHMMSS): 000500
                 VDIFF completed...       2.1284 seconds
                COUPLE completed...       0.0262 seconds
                  HADV completed...       0.6067 seconds
                  ZADV completed...       0.0986 seconds
                 HDIFF completed...       0.0745 seconds
              DECOUPLE completed...       0.0273 seconds
                  PHOT completed...       0.0159 seconds
               CLDPROC completed...       0.0893 seconds
                  CHEM completed...       3.5051 seconds
                  AERO completed...       0.5830 seconds
            Master Time Step
            Processing completed...       7.1580 seconds
 
     Processing Day/Time [YYYYDDD:HHMMSS]: 2022182:025000
       Which is Equivalent to (UTC): 2:50:00  Friday,  July 1, 2022
       Time-Step Length (HHMMSS): 000500
                 VDIFF completed...       2.0699 seconds
                COUPLE completed...       0.0261 seconds
                  HADV completed...       0.6056 seconds
                  ZADV completed...       0.0987 seconds
                 HDIFF completed...       0.0750 seconds
              DECOUPLE completed...       0.0276 seconds
                  PHOT completed...       0.0160 seconds
               CLDPROC completed...       0.1188 seconds
                  CHEM completed...       3.4518 seconds
                  AERO completed...       0.5919 seconds
            Master Time Step
            Processing completed...       7.0845 seconds
 
     Processing Day/Time [YYYYDDD:HHMMSS]: 2022182:025500
       Which is Equivalent to (UTC): 2:55:00  Friday,  July 1, 2022
       Time-Step Length (HHMMSS): 000500
                 VDIFF completed...       2.5696 seconds
                COUPLE completed...       0.0281 seconds
                  HADV completed...       0.6069 seconds
                  ZADV completed...       0.0987 seconds
                 HDIFF completed...       0.0752 seconds
              DECOUPLE completed...       0.0280 seconds
                  PHOT completed...       0.0159 seconds
               CLDPROC completed...       0.2270 seconds
                  CHEM completed...       3.4911 seconds
                  AERO completed...       0.5773 seconds
            Master Time Step
            Processing completed...       7.7214 seconds
 
      =--> Data Output completed...       0.5960 seconds
 
     Processing Day/Time [YYYYDDD:HHMMSS]: 2022182:030000
       Which is Equivalent to (UTC): 3:00:00  Friday,  July 1, 2022
       Time-Step Length (HHMMSS): 000500
                 VDIFF completed...       2.1497 seconds
                COUPLE completed...       0.0260 seconds
                  HADV completed...       0.7514 seconds
                  ZADV completed...       0.0989 seconds
                 HDIFF completed...       0.0759 seconds
              DECOUPLE completed...       0.0273 seconds
                  PHOT completed...       0.0174 seconds
               CLDPROC completed...       0.0895 seconds
                  CHEM completed...       3.4933 seconds
                  AERO completed...       0.5864 seconds
            Master Time Step
            Processing completed...       7.3188 seconds
 
     Processing Day/Time [YYYYDDD:HHMMSS]: 2022182:030500
       Which is Equivalent to (UTC): 3:05:00  Friday,  July 1, 2022
       Time-Step Length (HHMMSS): 000500
                 VDIFF completed...       2.0793 seconds
                COUPLE completed...       0.0260 seconds
                  HADV completed...       0.5927 seconds
                  ZADV completed...       0.0994 seconds
                 HDIFF completed...       0.0856 seconds
              DECOUPLE completed...       0.0274 seconds
                  PHOT completed...       0.0161 seconds
               CLDPROC completed...       0.0896 seconds
                  CHEM completed...       3.4941 seconds
                  AERO completed...       0.5883 seconds
            Master Time Step
            Processing completed...       7.1018 seconds
 
     Processing Day/Time [YYYYDDD:HHMMSS]: 2022182:031000
       Which is Equivalent to (UTC): 3:10:00  Friday,  July 1, 2022
       Time-Step Length (HHMMSS): 000500
                 VDIFF completed...       2.0828 seconds
                COUPLE completed...       0.0264 seconds
                  HADV completed...       0.5919 seconds
                  ZADV completed...       0.0989 seconds
                 HDIFF completed...       0.0749 seconds
              DECOUPLE completed...       0.0277 seconds
                  PHOT completed...       0.0159 seconds
               CLDPROC completed...       0.0899 seconds
                  CHEM completed...       3.4982 seconds
                  AERO completed...       0.5894 seconds
            Master Time Step
            Processing completed...       7.0992 seconds
 
     Processing Day/Time [YYYYDDD:HHMMSS]: 2022182:031500
       Which is Equivalent to (UTC): 3:15:00  Friday,  July 1, 2022
       Time-Step Length (HHMMSS): 000500
                 VDIFF completed...       2.0892 seconds
                COUPLE completed...       0.0261 seconds
                  HADV completed...       0.5905 seconds
                  ZADV completed...       0.0993 seconds
                 HDIFF completed...       0.0749 seconds
              DECOUPLE completed...       0.0275 seconds
                  PHOT completed...       0.0161 seconds
               CLDPROC completed...       0.0894 seconds
                  CHEM completed...       3.4898 seconds
                  AERO completed...       0.5859 seconds
            Master Time Step
            Processing completed...       7.0920 seconds
 
     Processing Day/Time [YYYYDDD:HHMMSS]: 2022182:032000
       Which is Equivalent to (UTC): 3:20:00  Friday,  July 1, 2022
       Time-Step Length (HHMMSS): 000500
                 VDIFF completed...       2.0917 seconds
                COUPLE completed...       0.0259 seconds
                  HADV completed...       0.5936 seconds
                  ZADV completed...       0.0994 seconds
                 HDIFF completed...       0.0767 seconds
              DECOUPLE completed...       0.0279 seconds
                  PHOT completed...       0.0166 seconds
               CLDPROC completed...       0.0913 seconds
                  CHEM completed...       3.4974 seconds
                  AERO completed...       0.5962 seconds
            Master Time Step
            Processing completed...       7.1195 seconds
 
     Processing Day/Time [YYYYDDD:HHMMSS]: 2022182:032500
       Which is Equivalent to (UTC): 3:25:00  Friday,  July 1, 2022
       Time-Step Length (HHMMSS): 000500
                 VDIFF completed...       2.0851 seconds
                COUPLE completed...       0.0259 seconds
                  HADV completed...       0.5932 seconds
                  ZADV completed...       0.0994 seconds
                 HDIFF completed...       0.0756 seconds
              DECOUPLE completed...       0.0277 seconds
                  PHOT completed...       0.0162 seconds
               CLDPROC completed...       0.0898 seconds
                  CHEM completed...       3.4933 seconds
                  AERO completed...       0.5798 seconds
            Master Time Step
            Processing completed...       7.0886 seconds
 
     Processing Day/Time [YYYYDDD:HHMMSS]: 2022182:033000
       Which is Equivalent to (UTC): 3:30:00  Friday,  July 1, 2022
       Time-Step Length (HHMMSS): 000500
                 VDIFF completed...       4.2327 seconds
                COUPLE completed...       0.0257 seconds
                  HADV completed...      21.4405 seconds
                  ZADV completed...       0.0994 seconds
                 HDIFF completed...       0.0749 seconds
              DECOUPLE completed...       0.0274 seconds
                  PHOT completed...       0.0160 seconds
               CLDPROC completed...       0.0889 seconds
