Start Model Run At  Thu Aug 13 10:36:44 AM EDT 2026
Compiler is set to intel
0: Event not found.

Working Directory is /proj/ie/proj/CMAS/CMASOps2026/CMAQ_CMAS_6/intelmpi_intel_ifort_2024/CCTM/scripts
Build Directory is /proj/ie/proj/CMAS/CMASOps2026/CMAQ_CMAS_6/intelmpi_intel_ifort_2024/CCTM/scripts/BLD_CCTM_v6_intel_debug
Output Directory is /work/users/l/i/lizadams/CMAQv6.0_2022_12SE1_Benchmark_2day//output_CCTM_v6_intel_Bench_2022_12SE1_debug
Log Directory is /work/users/l/i/lizadams/CMAQv6.0_2022_12SE1_Benchmark_2day//output_CCTM_v6_intel_Bench_2022_12SE1_debug/LOGS
Executable Name is CCTM_v6.exe

---CMAQ EXECUTION ID: CMAQ_CCTMv6_lizadams_20260813_143644_863821320 ---

Set up input and output files for Day 2022-07-01.

Existing Logs and Output Files for Day 2022-07-01 Will Be Deleted
rm: No match.

CMAQ Processing of Day 20220701 Began at Thu Aug 13 10:36:45 AM EDT 2026

                  CTM_APPL  |  v6_intel_Bench_2022_12SE1_debug_20220701
#================================================================================#        
#|                                                                              |#        
#|               The Community Multiscale Air Quality (CMAQ) Model              |#        
#|                                  Version 6.0_alpha1                          |#        
#|                                                                              |#        
#|                          Built and Maintained by the                         |#        
#|                        Office of Research and Development                    |#        
#|                   United States Environmental Protection Agency              |#        
#|                                                                              |#        
#|                            https://www.epa.gov/cmaq                          |#        
#|                                                                              |#        
#|       Source Code:   https://www.github.com/USEPA/cmaq/tree/master           |#        
#|       Documentation: https://www.github.com/USEPA/cmaq/tree/master/DOCS      |#        
#|                                                                              |#        
#|         The CMAQ Model is tested and released with cooperation from          |#        
#|         the Community Modeling and Analysis System (CMAS) Center via         |#        
#|         contract support. CMAS is managed by the Institute for the           |#        
#|         Environment, University of North Carolina at Chapel Hill.            |#        
#|         CMAS URL: (https://www.cmascenter.org)                               |#        
#|                                                                              |#        
#================================================================================#        
 
 
     ==================================
     |>---   INITIALIZE I/O-API   ---<|
     ==================================
                                                                     
     This program uses the EPA-AREAL/MCNC-EnvPgms/BAMS/ UNC IE       
     Models-3 I/O Applications Programming Interface, [I/O API]      
     which is built on top of the netCDF I/O library (Copyright      
     993, 1996 University Corporation for Atmospheric Research       
     Unidata Program) and the PVM parallel-programming library       
     (from Oak Ridge National Laboratory).                           
     Copyright (C) 1992-2002 MCNC,                                   
     (C) 1992-2018 Carlie J. Coats, Jr.,                             
     (C) 2003-2012 Baron Advanced Meteorological Systems, LLC, and   
     (C) 2014-2023 UNC Institute for the Environment.                
     Released under the GNU LGPL  License, version 2.1.  See URL     
                                                                     
         https://www.gnu.org/licenses/old-licenses/lgpl-2.1.html     
                                                                     
     for conditions of use.                                          
                                                                     
     ioapi-3.2: $Id: init3.F90 247 2023-03-22 15:59:19Z coats $
     netCDF version 4.8.1 of Aug 13 2026 10:00:20 $
      
 
 
     ===========================================
     |>---   ENVIRONMENT VARIABLE REPORT   ---<|
     ===========================================

     |> Grid and High-Level Model Parameters:
     +=========================================
        ---Env Variable---  |  ---Value---
      --------------------------------------------------------------------------------
                       BLD  |             (default)
                    OUTDIR  |  /work/users/l/i/lizadams/CMAQv6.0_2022_12SE1_Benchmark_2day//output_CCTM_v6_intel_Bench_2022_12SE1_debug
                 NEW_START  |           T
            IGNORE_SOILINP  |           F (default)
              EXECUTION_ID  |  CMAQ_CCTMv6_lizadams_20260813_143644_863821320
                 GRID_NAME  |  SE60BENCH
                 CTM_TSTEP  |       10000
                CTM_RUNLEN  |      240000
              CTM_PROGNAME  |  DRIVER (default)
                CTM_STDATE  |     2022182
                CTM_STTIME  |           0
               NPCOL_NPROW  |  8 4
               CTM_MAXSYNC  |         300
               CTM_MINSYNC  |          60

     |> Multiprocess control, output and error checking:
     +====================================================
        ---Env Variable---  |  ---Value---
      --------------------------------------------------------------------------------
           PRINT_PROC_TIME  |           T
               FL_ERR_STOP  |           F
              CTM_MIO_FILE  |           F (default)
                 CTM_CKSUM  |           T
          AVG_FILE_ENDTIME  |           F
             AVG_CONC_SPCS  |  ALL
                 CONC_SPCS  |  O3 NO ANO3I ANO3J NO2 NH3 ANH4I ANH4J ASO4I ASO4J
           ACONC_BLEV_ELEV  |   1 1
            CONC_BLEV_ELEV  |   1 1
           IOAPI_LOG_WRITE  |           F
                   VERTEXT  |           F
        VERTEXT_COORD_PATH  |  /proj/ie/proj/CMAS/CMASOps2026/CMAQ_CMAS_6/intelmpi_intel_ifort_2024/CCTM/scripts/lonlat.csv
             gc_matrix_nml  |  /proj/ie/proj/CMAS/CMASOps2026/CMAQ_CMAS_6/intelmpi_intel_ifort_2024/CCTM/scripts/BLD_CCTM_v6_intel_debug/GC_cracmm3.nml
             ae_matrix_nml  |  /proj/ie/proj/CMAS/CMASOps2026/CMAQ_CMAS_6/intelmpi_intel_ifort_2024/CCTM/scripts/BLD_CCTM_v6_intel_debug/AE_cracmm3.nml
             nr_matrix_nml  |  /proj/ie/proj/CMAS/CMASOps2026/CMAQ_CMAS_6/intelmpi_intel_ifort_2024/CCTM/scripts/BLD_CCTM_v6_intel_debug/NR_cracmm3.nml
             tr_matrix_nml  |  /proj/ie/proj/CMAS/CMASOps2026/CMAQ_CMAS_6/intelmpi_intel_ifort_2024/CCTM/scripts/BLD_CCTM_v6_intel_debug/Species_Table_TR_0.nml

     |> Chemistry and Photolysis:
     +=============================
        ---Env Variable---  |  ---Value---
      --------------------------------------------------------------------------------
                      MECH  |  cracmm3
              CTM_PHOTDIAG  |           F
            AEROSOL_OPTICS  |           3

      --ATOL settings are in ppmV.--

             GEAR_MAX_ATOL  |   0.100E-06 (default)
             GEAR_MIN_ATOL  |   0.100E-08 (default)
           GEAR_CONC_FLOOR  |   0.100E-11 (default)
                 GEAR_RTOL  |   0.100E-02 (default)
                   RB_RTOL  |   0.100E-02 (default)
                   RB_ATOL  |   0.100E-06 (default)
                  CTM_PVO3  |           F

     |> Aerosols:
     +=============
        ---Env Variable---  |  ---Value---
      --------------------------------------------------------------------------------
                   AERO_MT  |  HYB
            AERO_DYN_TSTEP  |          90
             BC_AERO_M2WET  |           F
             BC_AERO_M2USE  |           T
              STM_SO4TRACK  |           F

     |> Cloud Processes:
     +====================
        ---Env Variable---  |  ---Value---
      --------------------------------------------------------------------------------
                  CLD_DIAG  |           F

     |> Air-Surface Exchange Processes:
     +===================================
        ---Env Variable---  |  ---Value---
      --------------------------------------------------------------------------------
                PX_VERSION  |           T
                CTM_ABFLUX  |           T
                CTM_MOSAIC  |           F
              CTM_SFC_HONO  |           T
               CLM_VERSION  |           F
              NOAH_VERSION  |           F
             CTM_DEPV_FILE  |           F
                CTM_HGBIDI  |           F
         CTM_BIDI_FERT_NH3  |           T
             CTM_USE_STAGE  |           T
           CTM_WBDUST_BELD  |  UNKNOWN (default)
             STAGECTRL_NML  |  /proj/ie/proj/CMAS/CMASOps2026/CMAQ_CMAS_6/intelmpi_intel_ifort_2024/CCTM/scripts/BLD_CCTM_v6_intel_debug/CMAQ_Control_STAGE.nml
             CTM_STAGE_P22  |           F
             CTM_STAGE_E20  |           T
             CTM_STAGE_S22  |           F

     |> Transport Processes:
     +========================
        ---Env Variable---  |  ---Value---
      --------------------------------------------------------------------------------
           VDIFF_DIAG_FILE  |           F
            SIGMA_SYNC_TOP  |   0.700E+00
              ADV_HDIV_LIM  |   0.900E+00 (default)
               CTM_ADV_CFL  |   0.950E+00
                     KZMIN  |           T
                KZU_CUSTOM  |   0.100E+01 (default)
                  CTM_WVEL  |           T
             CTM_GRAV_SETL  |           T

     |> Emissions Parameters:
     +=========================
        ---Env Variable---  |  ---Value---
      --------------------------------------------------------------------------------
             CMAQ_CTRL_NML  |  /proj/ie/proj/CMAS/CMASOps2026/CMAQ_CMAS_6/intelmpi_intel_ifort_2024/CCTM/scripts/BLD_CCTM_v6_intel_debug/CMAQ_Control.nml
          CMAQ_CH_CTRL_NML  |  /proj/ie/proj/CMAS/CMASOps2026/CMAQ_CMAS_6/intelmpi_intel_ifort_2024/CCTM/scripts/BLD_CCTM_v6_intel_debug/CMAQ_Chem_Control_cracmm3.nml
                 N_EMIS_GR  |           2
                 N_EMIS_TR  |           0 (default)
               CTM_EMISCHK  |           F
           CTM_BIOGEMIS_BE  |           T
           CTM_BIOGEMIS_MG  |           F
             USE_MEGAN_LAI  |           F (default)
              MGN_ONLN_DEP  |           F (default)
               BDSNP_MEGAN  |           F
                USE_SEGA_N  |           F
             USE_SEGA_N_EF  |           F
                 BIOG_SPRO  |  DEFAULT (default)
                B3GTS_DIAG  |           F
              CTM_MGEMDIAG  |           F (default)
            CTM_OCEAN_CHEM  |           T
               CTM_WB_DUST  |           T
             CTM_BROWN_VEG  |           T
           CTM_DUSTEM_DIAG  |           F
              CTM_SSEMDIAG  |           F
              CTM_MET_EMIS  |           F (default)
         CTM_MET_EMIS_DIAG  |           F (default)
          CTM_MET_EMIS_HUM  |           F (default)
            CTM_LNO_ONLINE  |           T
             LTNG_ASSIM_DT  |           0 (default)
             USE_LTNG_DATA  |           T
                  LTNGDIAG  |           F
                   MOLSNCG  |   0.350E+03 (default)
                   MOLSNIC  |   0.350E+03 (default)
                LNO_OPTION  |           1
                 N_EMIS_PT  |          11
                    IPVERT  |           0 (default)
             EMIS_SYM_DATE  |           F (default)

     |> Process Analysis Parameters:
     +================================
        ---Env Variable---  |  ---Value---
      --------------------------------------------------------------------------------
                CTM_PROCAN  |           F
                CTM_BUDGET  |  /work/users/l/i/lizadams/CMAQv6.0_2022_12SE1_Benchmark_2day//output_CCTM_v6_intel_Bench_2022_12SE1_debug/CCTM_BUDGET_v6_intel_Bench_2022_12SE1_debug_20220701.txt -v
                 MET_TSTEP  |       10000 (default)

     MET data determined based on WRF ARW version 4.4.2

 
          -=-  MPP Processor-to-Subdomain Map  -=-
                 Number of Processors =  32
    ____________________________________________________
    |                                                  |
    |  PE    #Cols    Col_Range     #Rows    Row_Range |
    |__________________________________________________|
    |                                                  |
    |  0       13      1:  13         20      1:  20   |
    |  1       13     14:  26         20      1:  20   |
    |  2       13     27:  39         20      1:  20   |
    |  3       13     40:  52         20      1:  20   |
    |  4       12     53:  64         20      1:  20   |
    |  5       12     65:  76         20      1:  20   |
    |  6       12     77:  88         20      1:  20   |
    |  7       12     89: 100         20      1:  20   |
    |  8       13      1:  13         20     21:  40   |
    |  9       13     14:  26         20     21:  40   |
    | 10       13     27:  39         20     21:  40   |
    | 11       13     40:  52         20     21:  40   |
    | 12       12     53:  64         20     21:  40   |
    | 13       12     65:  76         20     21:  40   |
    | 14       12     77:  88         20     21:  40   |
    | 15       12     89: 100         20     21:  40   |
    | 16       13      1:  13         20     41:  60   |
    | 17       13     14:  26         20     41:  60   |
    | 18       13     27:  39         20     41:  60   |
    | 19       13     40:  52         20     41:  60   |
    | 20       12     53:  64         20     41:  60   |
    | 21       12     65:  76         20     41:  60   |
    | 22       12     77:  88         20     41:  60   |
    | 23       12     89: 100         20     41:  60   |
    | 24       13      1:  13         20     61:  80   |
    | 25       13     14:  26         20     61:  80   |
    | 26       13     27:  39         20     61:  80   |
    | 27       13     40:  52         20     61:  80   |
    | 28       12     53:  64         20     61:  80   |
    | 29       12     65:  76         20     61:  80   |
    | 30       12     77:  88         20     61:  80   |
    | 31       12     89: 100         20     61:  80   |
    |__________________________________________________|
 
forrtl: severe (174): SIGSEGV, segmentation fault occurred
Image              PC                Routine            Line        Source             
libc.so.6          0000147C844681C0  Unknown               Unknown  Unknown
libmpi.so.12.0.0   0000147C8540F276  Unknown               Unknown  Unknown
libmpi.so.12.0.0   0000147C8562E57B  Unknown               Unknown  Unknown
libmpi.so.12.0.0   0000147C8562B9EE  Unknown               Unknown  Unknown
libmpi.so.12.0.0   0000147C8536315A  Unknown               Unknown  Unknown
libmpi.so.12.0.0   0000147C85362EAD  Unknown               Unknown  Unknown
libmpi.so.12.0.0   0000147C853CB5D3  Unknown               Unknown  Unknown
libmpi.so.12.0.0   0000147C853CB31F  Unknown               Unknown  Unknown
libmpi.so.12.0.0   0000147C853C8B37  Unknown               Unknown  Unknown
libmpi.so.12.0.0   0000147C853BB3F7  PMPI_Comm_dup         Unknown  Unknown
libmpifort.so.12.  0000147C84CF6FEB  pmpi_comm_dup_        Unknown  Unknown
CCTM_v6.exe        00000000004D56C4  se_init_module_mp         166  se_init_module.F
CCTM_v6.exe        0000000001296C73  cmaq_driver_              478  driver.F
CCTM_v6.exe        00000000012963FB  MAIN__                     97  cmaq_main.F
CCTM_v6.exe        000000000041503D  Unknown               Unknown  Unknown
libc.so.6          0000147C8445158E  Unknown               Unknown  Unknown
libc.so.6          0000147C84451649  __libc_start_main     Unknown  Unknown
CCTM_v6.exe        0000000000414F55  Unknown               Unknown  Unknown
forrtl: severe (174): SIGSEGV, segmentation fault occurred
Image              PC                Routine            Line        Source             
libc.so.6          000014A0554681C0  Unknown               Unknown  Unknown
libmpi.so.12.0.0   000014A05620F276  Unknown               Unknown  Unknown
libmpi.so.12.0.0   000014A05642E57B  Unknown               Unknown  Unknown
libmpi.so.12.0.0   000014A05642B9EE  Unknown               Unknown  Unknown
libmpi.so.12.0.0   000014A05616315A  Unknown               Unknown  Unknown
libmpi.so.12.0.0   000014A056162EAD  Unknown               Unknown  Unknown
libmpi.so.12.0.0   000014A0561CB5D3  Unknown               Unknown  Unknown
libmpi.so.12.0.0   000014A0561CB31F  Unknown               Unknown  Unknown
libmpi.so.12.0.0   000014A0561C8B37  Unknown               Unknown  Unknown
libmpi.so.12.0.0   000014A0561BB3F7  PMPI_Comm_dup         Unknown  Unknown
libmpifort.so.12.  000014A055AF6FEB  pmpi_comm_dup_        Unknown  Unknown
CCTM_v6.exe        00000000004D56C4  se_init_module_mp         166  se_init_module.F
CCTM_v6.exe        0000000001296C73  cmaq_driver_              478  driver.F
CCTM_v6.exe        00000000012963FB  MAIN__                     97  cmaq_main.F
CCTM_v6.exe        000000000041503D  Unknown               Unknown  Unknown
libc.so.6          000014A05545158E  Unknown               Unknown  Unknown
libc.so.6          000014A055451649  __libc_start_main     Unknown  Unknown
CCTM_v6.exe        0000000000414F55  Unknown               Unknown  Unknown
forrtl: severe (174): SIGSEGV, segmentation fault occurred
Image              PC                Routine            Line        Source             
libc.so.6          000014E635E681C0  Unknown               Unknown  Unknown
libmpi.so.12.0.0   000014E636E0F276  Unknown               Unknown  Unknown
libmpi.so.12.0.0   000014E63702E57B  Unknown               Unknown  Unknown
libmpi.so.12.0.0   000014E63702B9EE  Unknown               Unknown  Unknown
libmpi.so.12.0.0   000014E636D6315A  Unknown               Unknown  Unknown
libmpi.so.12.0.0   000014E636D62EAD  Unknown               Unknown  Unknown
libmpi.so.12.0.0   000014E636DCB5D3  Unknown               Unknown  Unknown
libmpi.so.12.0.0   000014E636DCB31F  Unknown               Unknown  Unknown
libmpi.so.12.0.0   000014E636DC8B37  Unknown               Unknown  Unknown
libmpi.so.12.0.0   000014E636DBB3F7  PMPI_Comm_dup         Unknown  Unknown
libmpifort.so.12.  000014E6366F6FEB  pmpi_comm_dup_        Unknown  Unknown
CCTM_v6.exe        00000000004D56C4  se_init_module_mp         166  se_init_module.F
CCTM_v6.exe        0000000001296C73  cmaq_driver_              478  driver.F
CCTM_v6.exe        00000000012963FB  MAIN__                     97  cmaq_main.F
CCTM_v6.exe        000000000041503D  Unknown               Unknown  Unknown
libc.so.6          000014E635E5158E  Unknown               Unknown  Unknown
libc.so.6          000014E635E51649  __libc_start_main     Unknown  Unknown
CCTM_v6.exe        0000000000414F55  Unknown               Unknown  Unknown
forrtl: severe (174): SIGSEGV, segmentation fault occurred
Image              PC                Routine            Line        Source             
libc.so.6          000014C3DCE681C0  Unknown               Unknown  Unknown
libmpi.so.12.0.0   000014C3DDC0F276  Unknown               Unknown  Unknown
libmpi.so.12.0.0   000014C3DDE2E57B  Unknown               Unknown  Unknown
libmpi.so.12.0.0   000014C3DDE2B9EE  Unknown               Unknown  Unknown
libmpi.so.12.0.0   000014C3DDB6315A  Unknown               Unknown  Unknown
libmpi.so.12.0.0   000014C3DDB62EAD  Unknown               Unknown  Unknown
libmpi.so.12.0.0   000014C3DDBCB5D3  Unknown               Unknown  Unknown
libmpi.so.12.0.0   000014C3DDBCB31F  Unknown               Unknown  Unknown
libmpi.so.12.0.0   000014C3DDBC8B37  Unknown               Unknown  Unknown
libmpi.so.12.0.0   000014C3DDBBB3F7  PMPI_Comm_dup         Unknown  Unknown
libmpifort.so.12.  000014C3DD4F6FEB  pmpi_comm_dup_        Unknown  Unknown
CCTM_v6.exe        00000000004D56C4  se_init_module_mp         166  se_init_module.F
CCTM_v6.exe        0000000001296C73  cmaq_driver_              478  driver.F
CCTM_v6.exe        00000000012963FB  MAIN__                     97  cmaq_main.F
CCTM_v6.exe        000000000041503D  Unknown               Unknown  Unknown
libc.so.6          000014C3DCE5158E  Unknown               Unknown  Unknown
forrtl: severe (174): SIGSEGV, segmentation fault occurred
Image              PC                Routine            Line        Source             
libc.so.6          000014D95F6681C0  Unknown               Unknown  Unknown
libmpi.so.12.0.0   000014D96040F276  Unknown               Unknown  Unknown
libmpi.so.12.0.0   000014D96062E57B  Unknown               Unknown  Unknown
libmpi.so.12.0.0   000014D96062B9EE  Unknown               Unknown  Unknown
libmpi.so.12.0.0   000014D96036315A  Unknown               Unknown  Unknown
libmpi.so.12.0.0   000014D960362EAD  Unknown               Unknown  Unknown
libmpi.so.12.0.0   000014D9603CB5D3  Unknown               Unknown  Unknown
libmpi.so.12.0.0   000014D9603CB31F  Unknown               Unknown  Unknown
libmpi.so.12.0.0   000014D9603C8B37  Unknown               Unknown  Unknown
libmpi.so.12.0.0   000014D9603BB3F7  PMPI_Comm_dup         Unknown  Unknown
libmpifort.so.12.  000014D95FCF6FEB  pmpi_comm_dup_        Unknown  Unknown
CCTM_v6.exe        00000000004D56C4  se_init_module_mp         166  se_init_module.F
CCTM_v6.exe        0000000001296C73  cmaq_driver_              478  driver.F
CCTM_v6.exe        00000000012963FB  MAIN__                     97  cmaq_main.F
CCTM_v6.exe        000000000041503D  Unknown               Unknown  Unknown
libc.so.6          000014D95F65158E  Unknown               Unknown  Unknown
libc.so.6          000014D95F651649  __libc_start_main     Unknown  Unknown
CCTM_v6.exe        0000000000414F55  Unknown               Unknown  Unknown
libc.so.6          000014C3DCE51649  __libc_start_main     Unknown  Unknown
CCTM_v6.exe        0000000000414F55  Unknown               Unknown  Unknown
forrtl: severe (174): SIGSEGV, segmentation fault occurred
Image              PC                Routine            Line        Source             
libc.so.6          000015486D8681C0  Unknown               Unknown  Unknown
libmpi.so.12.0.0   000015486E80F276  Unknown               Unknown  Unknown
libmpi.so.12.0.0   000015486EA2E57B  Unknown               Unknown  Unknown
libmpi.so.12.0.0   000015486EA2B9EE  Unknown               Unknown  Unknown
libmpi.so.12.0.0   000015486E76315A  Unknown               Unknown  Unknown
libmpi.so.12.0.0   000015486E762EAD  Unknown               Unknown  Unknown
libmpi.so.12.0.0   000015486E7CB5D3  Unknown               Unknown  Unknown
libmpi.so.12.0.0   000015486E7CB31F  Unknown               Unknown  Unknown
libmpi.so.12.0.0   000015486E7C8B37  Unknown               Unknown  Unknown
libmpi.so.12.0.0   000015486E7BB3F7  PMPI_Comm_dup         Unknown  Unknown
libmpifort.so.12.  000015486E0F6FEB  pmpi_comm_dup_        Unknown  Unknown
CCTM_v6.exe        00000000004D56C4  se_init_module_mp         166  se_init_module.F
CCTM_v6.exe        0000000001296C73  cmaq_driver_              478  driver.F
CCTM_v6.exe        00000000012963FB  MAIN__                     97  cmaq_main.F
CCTM_v6.exe        000000000041503D  Unknown               Unknown  Unknown
libc.so.6          000015486D85158E  Unknown               Unknown  Unknown
libc.so.6          000015486D851649  __libc_start_main     Unknown  Unknown
CCTM_v6.exe        0000000000414F55  Unknown               Unknown  Unknown
forrtl: severe (174): SIGSEGV, segmentation fault occurred
Image              PC                Routine            Line        Source             
libc.so.6          00001488B44681C0  Unknown               Unknown  Unknown
libmpi.so.12.0.0   00001488B540F276  Unknown               Unknown  Unknown
libmpi.so.12.0.0   00001488B562E57B  Unknown               Unknown  Unknown
libmpi.so.12.0.0   00001488B562B9EE  Unknown               Unknown  Unknown
libmpi.so.12.0.0   00001488B536315A  Unknown               Unknown  Unknown
libmpi.so.12.0.0   00001488B5362EAD  Unknown               Unknown  Unknown
libmpi.so.12.0.0   00001488B53CB5D3  Unknown               Unknown  Unknown
libmpi.so.12.0.0   00001488B53CB31F  Unknown               Unknown  Unknown
libmpi.so.12.0.0   00001488B53C8B37  Unknown               Unknown  Unknown
libmpi.so.12.0.0   00001488B53BB3F7  PMPI_Comm_dup         Unknown  Unknown
libmpifort.so.12.  00001488B4CF6FEB  pmpi_comm_dup_        Unknown  Unknown
CCTM_v6.exe        00000000004D56C4  se_init_module_mp         166  se_init_module.F
CCTM_v6.exe        0000000001296C73  cmaq_driver_              478  driver.F
CCTM_v6.exe        00000000012963FB  MAIN__                     97  cmaq_main.F
CCTM_v6.exe        000000000041503D  Unknown               Unknown  Unknown
libc.so.6          00001488B445158E  Unknown               Unknown  Unknown
libc.so.6          00001488B4451649  __libc_start_main     Unknown  Unknown
CCTM_v6.exe        0000000000414F55  Unknown               Unknown  Unknown
forrtl: severe (174): SIGSEGV, segmentation fault occurred
Image              PC                Routine            Line        Source             
libc.so.6          00001526582681C0  Unknown               Unknown  Unknown
libmpi.so.12.0.0   000015265900F276  Unknown               Unknown  Unknown
libmpi.so.12.0.0   000015265922E57B  Unknown               Unknown  Unknown
libmpi.so.12.0.0   000015265922B9EE  Unknown               Unknown  Unknown
libmpi.so.12.0.0   0000152658F6315A  Unknown               Unknown  Unknown
libmpi.so.12.0.0   0000152658F62EAD  Unknown               Unknown  Unknown
libmpi.so.12.0.0   0000152658FCB5D3  Unknown               Unknown  Unknown
libmpi.so.12.0.0   0000152658FCB31F  Unknown               Unknown  Unknown
libmpi.so.12.0.0   0000152658FC8B37  Unknown               Unknown  Unknown
libmpi.so.12.0.0   0000152658FBB3F7  PMPI_Comm_dup         Unknown  Unknown
libmpifort.so.12.  00001526588F6FEB  pmpi_comm_dup_        Unknown  Unknown
CCTM_v6.exe        00000000004D56C4  se_init_module_mp         166  se_init_module.F
CCTM_v6.exe        0000000001296C73  cmaq_driver_              478  driver.F
CCTM_v6.exe        00000000012963FB  MAIN__                     97  cmaq_main.F
CCTM_v6.exe        000000000041503D  Unknown               Unknown  Unknown
libc.so.6          000015265825158E  Unknown               Unknown  Unknown
libc.so.6          0000152658251649  __libc_start_main     Unknown  Unknown
CCTM_v6.exe        0000000000414F55  Unknown               Unknown  Unknown
forrtl: severe (174): SIGSEGV, segmentation fault occurred
Image              PC                Routine            Line        Source             
libc.so.6          0000146A554681C0  Unknown               Unknown  Unknown
libmpi.so.12.0.0   0000146A5640F276  Unknown               Unknown  Unknown
libmpi.so.12.0.0   0000146A5662E57B  Unknown               Unknown  Unknown
libmpi.so.12.0.0   0000146A5662B9EE  Unknown               Unknown  Unknown
libmpi.so.12.0.0   0000146A5636315A  Unknown               Unknown  Unknown
libmpi.so.12.0.0   0000146A56362EAD  Unknown               Unknown  Unknown
libmpi.so.12.0.0   0000146A563CB5D3  Unknown               Unknown  Unknown
libmpi.so.12.0.0   0000146A563CB31F  Unknown               Unknown  Unknown
libmpi.so.12.0.0   0000146A563C8B37  Unknown               Unknown  Unknown
libmpi.so.12.0.0   0000146A563BB3F7  PMPI_Comm_dup         Unknown  Unknown
libmpifort.so.12.  0000146A55CF6FEB  pmpi_comm_dup_        Unknown  Unknown
CCTM_v6.exe        00000000004D56C4  se_init_module_mp         166  se_init_module.F
CCTM_v6.exe        0000000001296C73  cmaq_driver_              478  driver.F
CCTM_v6.exe        00000000012963FB  MAIN__                     97  cmaq_main.F
CCTM_v6.exe        000000000041503D  Unknown               Unknown  Unknown
libc.so.6          0000146A5545158E  Unknown               Unknown  Unknown
libc.so.6          0000146A55451649  __libc_start_main     Unknown  Unknown
CCTM_v6.exe        0000000000414F55  Unknown               Unknown  Unknown
forrtl: severe (174): SIGSEGV, segmentation fault occurred
Image              PC                Routine            Line        Source             
libc.so.6          0000149F7BE681C0  Unknown               Unknown  Unknown
libmpi.so.12.0.0   0000149F7CC0F276  Unknown               Unknown  Unknown
libmpi.so.12.0.0   0000149F7CE2E57B  Unknown               Unknown  Unknown
libmpi.so.12.0.0   0000149F7CE2B9EE  Unknown               Unknown  Unknown
libmpi.so.12.0.0   0000149F7CB6315A  Unknown               Unknown  Unknown
libmpi.so.12.0.0   0000149F7CB62EAD  Unknown               Unknown  Unknown
libmpi.so.12.0.0   0000149F7CBCB5D3  Unknown               Unknown  Unknown
libmpi.so.12.0.0   0000149F7CBCB31F  Unknown               Unknown  Unknown
libmpi.so.12.0.0   0000149F7CBC8B37  Unknown               Unknown  Unknown
libmpi.so.12.0.0   0000149F7CBBB3F7  PMPI_Comm_dup         Unknown  Unknown
libmpifort.so.12.  0000149F7C4F6FEB  pmpi_comm_dup_        Unknown  Unknown
CCTM_v6.exe        00000000004D56C4  se_init_module_mp         166  se_init_module.F
CCTM_v6.exe        0000000001296C73  cmaq_driver_              478  driver.F
CCTM_v6.exe        00000000012963FB  MAIN__                     97  cmaq_main.F
CCTM_v6.exe        000000000041503D  Unknown               Unknown  Unknown
libc.so.6          0000149F7BE5158E  Unknown               Unknown  Unknown
libc.so.6          0000149F7BE51649  __libc_start_main     Unknown  Unknown
CCTM_v6.exe        0000000000414F55  Unknown               Unknown  Unknown
forrtl: severe (174): SIGSEGV, segmentation fault occurred
Image              PC                Routine            Line        Source             
libc.so.6          000014D921C681C0  Unknown               Unknown  Unknown
libmpi.so.12.0.0   000014D922C0F276  Unknown               Unknown  Unknown
libmpi.so.12.0.0   000014D922E2E57B  Unknown               Unknown  Unknown
libmpi.so.12.0.0   000014D922E2B9EE  Unknown               Unknown  Unknown
libmpi.so.12.0.0   000014D922B6315A  Unknown               Unknown  Unknown
libmpi.so.12.0.0   000014D922B62EAD  Unknown               Unknown  Unknown
libmpi.so.12.0.0   000014D922BCB5D3  Unknown               Unknown  Unknown
libmpi.so.12.0.0   000014D922BCB31F  Unknown               Unknown  Unknown
libmpi.so.12.0.0   000014D922BC8B37  Unknown               Unknown  Unknown
libmpi.so.12.0.0   000014D922BBB3F7  PMPI_Comm_dup         Unknown  Unknown
libmpifort.so.12.  000014D9224F6FEB  pmpi_comm_dup_        Unknown  Unknown
CCTM_v6.exe        00000000004D56C4  se_init_module_mp         166  se_init_module.F
CCTM_v6.exe        0000000001296C73  cmaq_driver_              478  driver.F
CCTM_v6.exe        00000000012963FB  MAIN__                     97  cmaq_main.F
CCTM_v6.exe        000000000041503D  Unknown               Unknown  Unknown
libc.so.6          000014D921C5158E  Unknown               Unknown  Unknown
libc.so.6          000014D921C51649  __libc_start_main     Unknown  Unknown
CCTM_v6.exe        0000000000414F55  Unknown               Unknown  Unknown
forrtl: severe (174): SIGSEGV, segmentation fault occurred
Image              PC                Routine            Line        Source             
libc.so.6          0000151C266681C0  Unknown               Unknown  Unknown
libmpi.so.12.0.0   0000151C2760F276  Unknown               Unknown  Unknown
libmpi.so.12.0.0   0000151C2782E57B  Unknown               Unknown  Unknown
libmpi.so.12.0.0   0000151C2782B9EE  Unknown               Unknown  Unknown
libmpi.so.12.0.0   0000151C2756315A  Unknown               Unknown  Unknown
libmpi.so.12.0.0   0000151C27562EAD  Unknown               Unknown  Unknown
libmpi.so.12.0.0   0000151C275CB5D3  Unknown               Unknown  Unknown
libmpi.so.12.0.0   0000151C275CB31F  Unknown               Unknown  Unknown
libmpi.so.12.0.0   0000151C275C8B37  Unknown               Unknown  Unknown
libmpi.so.12.0.0   0000151C275BB3F7  PMPI_Comm_dup         Unknown  Unknown
libmpifort.so.12.  0000151C26EF6FEB  pmpi_comm_dup_        Unknown  Unknown
CCTM_v6.exe        00000000004D56C4  se_init_module_mp         166  se_init_module.F
CCTM_v6.exe        0000000001296C73  cmaq_driver_              478  driver.F
CCTM_v6.exe        00000000012963FB  MAIN__                     97  cmaq_main.F
CCTM_v6.exe        000000000041503D  Unknown               Unknown  Unknown
libc.so.6          0000151C2665158E  Unknown               Unknown  Unknown
libc.so.6          0000151C26651649  __libc_start_main     Unknown  Unknown
CCTM_v6.exe        0000000000414F55  Unknown               Unknown  Unknown
forrtl: severe (174): SIGSEGV, segmentation fault occurred
Image              PC                Routine            Line        Source             
libc.so.6          000014DD538681C0  Unknown               Unknown  Unknown
libmpi.so.12.0.0   000014DD5480F276  Unknown               Unknown  Unknown
libmpi.so.12.0.0   000014DD54A2E57B  Unknown               Unknown  Unknown
libmpi.so.12.0.0   000014DD54A2B9EE  Unknown               Unknown  Unknown
libmpi.so.12.0.0   000014DD5476315A  Unknown               Unknown  Unknown
libmpi.so.12.0.0   000014DD54762EAD  Unknown               Unknown  Unknown
libmpi.so.12.0.0   000014DD547CB5D3  Unknown               Unknown  Unknown
libmpi.so.12.0.0   000014DD547CB31F  Unknown               Unknown  Unknown
libmpi.so.12.0.0   000014DD547C8B37  Unknown               Unknown  Unknown
libmpi.so.12.0.0   000014DD547BB3F7  PMPI_Comm_dup         Unknown  Unknown
libmpifort.so.12.  000014DD540F6FEB  pmpi_comm_dup_        Unknown  Unknown
CCTM_v6.exe        00000000004D56C4  se_init_module_mp         166  se_init_module.F
CCTM_v6.exe        0000000001296C73  cmaq_driver_              478  driver.F
CCTM_v6.exe        00000000012963FB  MAIN__                     97  cmaq_main.F
forrtl: severe (174): SIGSEGV, segmentation fault occurred
Image              PC                Routine            Line        Source             
libc.so.6          000014B1F90681C0  Unknown               Unknown  Unknown
libmpi.so.12.0.0   000014B1F9E0F276  Unknown               Unknown  Unknown
libmpi.so.12.0.0   000014B1FA02E57B  Unknown               Unknown  Unknown
libmpi.so.12.0.0   000014B1FA02B9EE  Unknown               Unknown  Unknown
libmpi.so.12.0.0   000014B1F9D6315A  Unknown               Unknown  Unknown
libmpi.so.12.0.0   000014B1F9D62EAD  Unknown               Unknown  Unknown
libmpi.so.12.0.0   000014B1F9DCB5D3  Unknown               Unknown  Unknown
libmpi.so.12.0.0   000014B1F9DCB31F  Unknown               Unknown  Unknown
libmpi.so.12.0.0   000014B1F9DC8B37  Unknown               Unknown  Unknown
libmpi.so.12.0.0   000014B1F9DBB3F7  PMPI_Comm_dup         Unknown  Unknown
libmpifort.so.12.  000014B1F96F6FEB  pmpi_comm_dup_        Unknown  Unknown
CCTM_v6.exe        00000000004D56C4  se_init_module_mp         166  se_init_module.F
CCTM_v6.exe        0000000001296C73  cmaq_driver_              478  driver.F
CCTM_v6.exe        00000000012963FB  MAIN__                     97  cmaq_main.F
CCTM_v6.exe        000000000041503D  Unknown               Unknown  Unknown
libc.so.6          000014B1F905158E  Unknown               Unknown  Unknown
libc.so.6          000014B1F9051649  __libc_start_main     Unknown  Unknown
CCTM_v6.exe        0000000000414F55  Unknown               Unknown  Unknown
CCTM_v6.exe        000000000041503D  Unknown               Unknown  Unknown
libc.so.6          000014DD5385158E  Unknown               Unknown  Unknown
libc.so.6          000014DD53851649  __libc_start_main     Unknown  Unknown
CCTM_v6.exe        0000000000414F55  Unknown               Unknown  Unknown
forrtl: severe (174): SIGSEGV, segmentation fault occurred
Image              PC                Routine            Line        Source             
libc.so.6          0000150C94C681C0  Unknown               Unknown  Unknown
libmpi.so.12.0.0   0000150C95A0F276  Unknown               Unknown  Unknown
libmpi.so.12.0.0   0000150C95C2E57B  Unknown               Unknown  Unknown
libmpi.so.12.0.0   0000150C95C2B9EE  Unknown               Unknown  Unknown
libmpi.so.12.0.0   0000150C9596315A  Unknown               Unknown  Unknown
libmpi.so.12.0.0   0000150C95962EAD  Unknown               Unknown  Unknown
libmpi.so.12.0.0   0000150C959CB5D3  Unknown               Unknown  Unknown
libmpi.so.12.0.0   0000150C959CB31F  Unknown               Unknown  Unknown
libmpi.so.12.0.0   0000150C959C8B37  Unknown               Unknown  Unknown
libmpi.so.12.0.0   0000150C959BB3F7  PMPI_Comm_dup         Unknown  Unknown
libmpifort.so.12.  0000150C952F6FEB  pmpi_comm_dup_        Unknown  Unknown
CCTM_v6.exe        00000000004D56C4  se_init_module_mp         166  se_init_module.F
CCTM_v6.exe        0000000001296C73  cmaq_driver_              478  driver.F
CCTM_v6.exe        00000000012963FB  MAIN__                     97  cmaq_main.F
CCTM_v6.exe        000000000041503D  Unknown               Unknown  Unknown
libc.so.6          0000150C94C5158E  Unknown               Unknown  Unknown
libc.so.6          0000150C94C51649  __libc_start_main     Unknown  Unknown
CCTM_v6.exe        0000000000414F55  Unknown               Unknown  Unknown
forrtl: severe (174): SIGSEGV, segmentation fault occurred
Image              PC                Routine            Line        Source             
libc.so.6          0000148AF76681C0  Unknown               Unknown  Unknown
libmpi.so.12.0.0   0000148AF840F276  Unknown               Unknown  Unknown
libmpi.so.12.0.0   0000148AF862E57B  Unknown               Unknown  Unknown
libmpi.so.12.0.0   0000148AF862B9EE  Unknown               Unknown  Unknown
libmpi.so.12.0.0   0000148AF836315A  Unknown               Unknown  Unknown
libmpi.so.12.0.0   0000148AF8362EAD  Unknown               Unknown  Unknown
libmpi.so.12.0.0   0000148AF83CB5D3  Unknown               Unknown  Unknown
libmpi.so.12.0.0   0000148AF83CB31F  Unknown               Unknown  Unknown
libmpi.so.12.0.0   0000148AF83C8B37  Unknown               Unknown  Unknown
libmpi.so.12.0.0   0000148AF83BB3F7  PMPI_Comm_dup         Unknown  Unknown
libmpifort.so.12.  0000148AF7CF6FEB  pmpi_comm_dup_        Unknown  Unknown
CCTM_v6.exe        00000000004D56C4  se_init_module_mp         166  se_init_module.F
CCTM_v6.exe        0000000001296C73  cmaq_driver_              478  driver.F
CCTM_v6.exe        00000000012963FB  MAIN__                     97  cmaq_main.F
CCTM_v6.exe        000000000041503D  Unknown               Unknown  Unknown
libc.so.6          0000148AF765158E  Unknown               Unknown  Unknown
libc.so.6          0000148AF7651649  __libc_start_main     Unknown  Unknown
CCTM_v6.exe        0000000000414F55  Unknown               Unknown  Unknown
forrtl: severe (174): SIGSEGV, segmentation fault occurred
Image              PC                Routine            Line        Source             
libc.so.6          0000149BFAC681C0  Unknown               Unknown  Unknown
libmpi.so.12.0.0   0000149BFBC0F276  Unknown               Unknown  Unknown
libmpi.so.12.0.0   0000149BFBE2E57B  Unknown               Unknown  Unknown
libmpi.so.12.0.0   0000149BFBE2B9EE  Unknown               Unknown  Unknown
libmpi.so.12.0.0   0000149BFBB6315A  Unknown               Unknown  Unknown
libmpi.so.12.0.0   0000149BFBB62EAD  Unknown               Unknown  Unknown
libmpi.so.12.0.0   0000149BFBBCB5D3  Unknown               Unknown  Unknown
libmpi.so.12.0.0   0000149BFBBCB31F  Unknown               Unknown  Unknown
libmpi.so.12.0.0   0000149BFBBC8B37  Unknown               Unknown  Unknown
libmpi.so.12.0.0   0000149BFBBBB3F7  PMPI_Comm_dup         Unknown  Unknown
libmpifort.so.12.  0000149BFB4F6FEB  pmpi_comm_dup_        Unknown  Unknown
CCTM_v6.exe        00000000004D56C4  se_init_module_mp         166  se_init_module.F
CCTM_v6.exe        0000000001296C73  cmaq_driver_              478  driver.F
CCTM_v6.exe        00000000012963FB  MAIN__                     97  cmaq_main.F
CCTM_v6.exe        000000000041503D  Unknown               Unknown  Unknown
libc.so.6          0000149BFAC5158E  Unknown               Unknown  Unknown
libc.so.6          0000149BFAC51649  __libc_start_main     Unknown  Unknown
CCTM_v6.exe        0000000000414F55  Unknown               Unknown  Unknown
forrtl: severe (174): SIGSEGV, segmentation fault occurred
Image              PC                Routine            Line        Source             
libc.so.6          000014B862C681C0  Unknown               Unknown  Unknown
libmpi.so.12.0.0   000014B863A0F276  Unknown               Unknown  Unknown
libmpi.so.12.0.0   000014B863C2E57B  Unknown               Unknown  Unknown
libmpi.so.12.0.0   000014B863C2B9EE  Unknown               Unknown  Unknown
libmpi.so.12.0.0   000014B86396315A  Unknown               Unknown  Unknown
libmpi.so.12.0.0   000014B863962EAD  Unknown               Unknown  Unknown
libmpi.so.12.0.0   000014B8639CB5D3  Unknown               Unknown  Unknown
libmpi.so.12.0.0   000014B8639CB31F  Unknown               Unknown  Unknown
libmpi.so.12.0.0   000014B8639C8B37  Unknown               Unknown  Unknown
libmpi.so.12.0.0   000014B8639BB3F7  PMPI_Comm_dup         Unknown  Unknown
libmpifort.so.12.  000014B8632F6FEB  pmpi_comm_dup_        Unknown  Unknown
CCTM_v6.exe        00000000004D56C4  se_init_module_mp         166  se_init_module.F
CCTM_v6.exe        0000000001296C73  cmaq_driver_              478  driver.F
CCTM_v6.exe        00000000012963FB  MAIN__                     97  cmaq_main.F
CCTM_v6.exe        000000000041503D  Unknown               Unknown  Unknown
libc.so.6          000014B862C5158E  Unknown               Unknown  Unknown
libc.so.6          000014B862C51649  __libc_start_main     Unknown  Unknown
CCTM_v6.exe        0000000000414F55  Unknown               Unknown  Unknown
forrtl: severe (174): SIGSEGV, segmentation fault occurred
Image              PC                Routine            Line        Source             
libc.so.6          000014BCB78681C0  Unknown               Unknown  Unknown
libmpi.so.12.0.0   000014BCB880F276  Unknown               Unknown  Unknown
libmpi.so.12.0.0   000014BCB8A2E57B  Unknown               Unknown  Unknown
libmpi.so.12.0.0   000014BCB8A2B9EE  Unknown               Unknown  Unknown
libmpi.so.12.0.0   000014BCB876315A  Unknown               Unknown  Unknown
libmpi.so.12.0.0   000014BCB8762EAD  Unknown               Unknown  Unknown
libmpi.so.12.0.0   000014BCB87CB5D3  Unknown               Unknown  Unknown
libmpi.so.12.0.0   000014BCB87CB31F  Unknown               Unknown  Unknown
libmpi.so.12.0.0   000014BCB87C8B37  Unknown               Unknown  Unknown
libmpi.so.12.0.0   000014BCB87BB3F7  PMPI_Comm_dup         Unknown  Unknown
libmpifort.so.12.  000014BCB80F6FEB  pmpi_comm_dup_        Unknown  Unknown
CCTM_v6.exe        00000000004D56C4  se_init_module_mp         166  se_init_module.F
CCTM_v6.exe        0000000001296C73  cmaq_driver_              478  driver.F
CCTM_v6.exe        00000000012963FB  MAIN__                     97  cmaq_main.F
CCTM_v6.exe        000000000041503D  Unknown               Unknown  Unknown
libc.so.6          000014BCB785158E  Unknown               Unknown  Unknown
libc.so.6          000014BCB7851649  __libc_start_main     Unknown  Unknown
CCTM_v6.exe        0000000000414F55  Unknown               Unknown  Unknown
forrtl: severe (174): SIGSEGV, segmentation fault occurred
Image              PC                Routine            Line        Source             
libc.so.6          000014BC9B8681C0  Unknown               Unknown  Unknown
libmpi.so.12.0.0   000014BC9C80F276  Unknown               Unknown  Unknown
libmpi.so.12.0.0   000014BC9CA2E57B  Unknown               Unknown  Unknown
libmpi.so.12.0.0   000014BC9CA2B9EE  Unknown               Unknown  Unknown
libmpi.so.12.0.0   000014BC9C76315A  Unknown               Unknown  Unknown
libmpi.so.12.0.0   000014BC9C762EAD  Unknown               Unknown  Unknown
libmpi.so.12.0.0   000014BC9C7CB5D3  Unknown               Unknown  Unknown
libmpi.so.12.0.0   000014BC9C7CB31F  Unknown               Unknown  Unknown
libmpi.so.12.0.0   000014BC9C7C8B37  Unknown               Unknown  Unknown
libmpi.so.12.0.0   000014BC9C7BB3F7  PMPI_Comm_dup         Unknown  Unknown
libmpifort.so.12.  000014BC9C0F6FEB  pmpi_comm_dup_        Unknown  Unknown
CCTM_v6.exe        00000000004D56C4  se_init_module_mp         166  se_init_module.F
CCTM_v6.exe        0000000001296C73  cmaq_driver_              478  driver.F
CCTM_v6.exe        00000000012963FB  MAIN__                     97  cmaq_main.F
CCTM_v6.exe        000000000041503D  Unknown               Unknown  Unknown
libc.so.6          000014BC9B85158E  Unknown               Unknown  Unknown
libc.so.6          000014BC9B851649  __libc_start_main     Unknown  Unknown
CCTM_v6.exe        0000000000414F55  Unknown               Unknown  Unknown
forrtl: severe (174): SIGSEGV, segmentation fault occurred
Image              PC                Routine            Line        Source             
libc.so.6          00001509F0A681C0  Unknown               Unknown  Unknown
libmpi.so.12.0.0   00001509F180F276  Unknown               Unknown  Unknown
libmpi.so.12.0.0   00001509F1A2E57B  Unknown               Unknown  Unknown
libmpi.so.12.0.0   00001509F1A2B9EE  Unknown               Unknown  Unknown
libmpi.so.12.0.0   00001509F176315A  Unknown               Unknown  Unknown
libmpi.so.12.0.0   00001509F1762EAD  Unknown               Unknown  Unknown
libmpi.so.12.0.0   00001509F17CB5D3  Unknown               Unknown  Unknown
libmpi.so.12.0.0   00001509F17CB31F  Unknown               Unknown  Unknown
libmpi.so.12.0.0   00001509F17C8B37  Unknown               Unknown  Unknown
libmpi.so.12.0.0   00001509F17BB3F7  PMPI_Comm_dup         Unknown  Unknown
libmpifort.so.12.  00001509F10F6FEB  pmpi_comm_dup_        Unknown  Unknown
CCTM_v6.exe        00000000004D56C4  se_init_module_mp         166  se_init_module.F
CCTM_v6.exe        0000000001296C73  cmaq_driver_              478  driver.F
CCTM_v6.exe        00000000012963FB  MAIN__                     97  cmaq_main.F
CCTM_v6.exe        000000000041503D  Unknown               Unknown  Unknown
libc.so.6          00001509F0A5158E  Unknown               Unknown  Unknown
libc.so.6          00001509F0A51649  __libc_start_main     Unknown  Unknown
CCTM_v6.exe        0000000000414F55  Unknown               Unknown  Unknown
forrtl: severe (174): SIGSEGV, segmentation fault occurred
Image              PC                Routine            Line        Source             
libc.so.6          0000153F008681C0  Unknown               Unknown  Unknown
libmpi.so.12.0.0   0000153F0180F276  Unknown               Unknown  Unknown
libmpi.so.12.0.0   0000153F01A2E57B  Unknown               Unknown  Unknown
libmpi.so.12.0.0   0000153F01A2B9EE  Unknown               Unknown  Unknown
libmpi.so.12.0.0   0000153F0176315A  Unknown               Unknown  Unknown
libmpi.so.12.0.0   0000153F01762EAD  Unknown               Unknown  Unknown
libmpi.so.12.0.0   0000153F017CB5D3  Unknown               Unknown  Unknown
libmpi.so.12.0.0   0000153F017CB31F  Unknown               Unknown  Unknown
libmpi.so.12.0.0   0000153F017C8B37  Unknown               Unknown  Unknown
libmpi.so.12.0.0   0000153F017BB3F7  PMPI_Comm_dup         Unknown  Unknown
libmpifort.so.12.  0000153F010F6FEB  pmpi_comm_dup_        Unknown  Unknown
CCTM_v6.exe        00000000004D56C4  se_init_module_mp         166  se_init_module.F
CCTM_v6.exe        0000000001296C73  cmaq_driver_              478  driver.F
CCTM_v6.exe        00000000012963FB  MAIN__                     97  cmaq_main.F
CCTM_v6.exe        000000000041503D  Unknown               Unknown  Unknown
libc.so.6          0000153F0085158E  Unknown               Unknown  Unknown
libc.so.6          0000153F00851649  __libc_start_main     Unknown  Unknown
CCTM_v6.exe        0000000000414F55  Unknown               Unknown  Unknown
forrtl: severe (174): SIGSEGV, segmentation fault occurred
Image              PC                Routine            Line        Source             
libc.so.6          00001461286681C0  Unknown               Unknown  Unknown
libmpi.so.12.0.0   000014612960F276  Unknown               Unknown  Unknown
libmpi.so.12.0.0   000014612982E57B  Unknown               Unknown  Unknown
libmpi.so.12.0.0   000014612982B9EE  Unknown               Unknown  Unknown
libmpi.so.12.0.0   000014612956315A  Unknown               Unknown  Unknown
libmpi.so.12.0.0   0000146129562EAD  Unknown               Unknown  Unknown
libmpi.so.12.0.0   00001461295CB5D3  Unknown               Unknown  Unknown
libmpi.so.12.0.0   00001461295CB31F  Unknown               Unknown  Unknown
libmpi.so.12.0.0   00001461295C8B37  Unknown               Unknown  Unknown
libmpi.so.12.0.0   00001461295BB3F7  PMPI_Comm_dup         Unknown  Unknown
libmpifort.so.12.  0000146128EF6FEB  pmpi_comm_dup_        Unknown  Unknown
CCTM_v6.exe        00000000004D56C4  se_init_module_mp         166  se_init_module.F
CCTM_v6.exe        0000000001296C73  cmaq_driver_              478  driver.F
CCTM_v6.exe        00000000012963FB  MAIN__                     97  cmaq_main.F
CCTM_v6.exe        000000000041503D  Unknown               Unknown  Unknown
libc.so.6          000014612865158E  Unknown               Unknown  Unknown
libc.so.6          0000146128651649  __libc_start_main     Unknown  Unknown
CCTM_v6.exe        0000000000414F55  Unknown               Unknown  Unknown
forrtl: severe (174): SIGSEGV, segmentation fault occurred
Image              PC                Routine            Line        Source             
libc.so.6          00001510DCA681C0  Unknown               Unknown  Unknown
libmpi.so.12.0.0   00001510DD80F276  Unknown               Unknown  Unknown
libmpi.so.12.0.0   00001510DDA2E57B  Unknown               Unknown  Unknown
libmpi.so.12.0.0   00001510DDA2B9EE  Unknown               Unknown  Unknown
libmpi.so.12.0.0   00001510DD76315A  Unknown               Unknown  Unknown
libmpi.so.12.0.0   00001510DD762EAD  Unknown               Unknown  Unknown
libmpi.so.12.0.0   00001510DD7CB5D3  Unknown               Unknown  Unknown
libmpi.so.12.0.0   00001510DD7CB31F  Unknown               Unknown  Unknown
libmpi.so.12.0.0   00001510DD7C8B37  Unknown               Unknown  Unknown
libmpi.so.12.0.0   00001510DD7BB3F7  PMPI_Comm_dup         Unknown  Unknown
libmpifort.so.12.  00001510DD0F6FEB  pmpi_comm_dup_        Unknown  Unknown
CCTM_v6.exe        00000000004D56C4  se_init_module_mp         166  se_init_module.F
CCTM_v6.exe        0000000001296C73  cmaq_driver_              478  driver.F
CCTM_v6.exe        00000000012963FB  MAIN__                     97  cmaq_main.F
CCTM_v6.exe        000000000041503D  Unknown               Unknown  Unknown
libc.so.6          00001510DCA5158E  Unknown               Unknown  Unknown
libc.so.6          00001510DCA51649  __libc_start_main     Unknown  Unknown
CCTM_v6.exe        0000000000414F55  Unknown               Unknown  Unknown
forrtl: severe (174): SIGSEGV, segmentation fault occurred
Image              PC                Routine            Line        Source             
libc.so.6          0000154EDDA681C0  Unknown               Unknown  Unknown
libmpi.so.12.0.0   0000154EDEA0F276  Unknown               Unknown  Unknown
libmpi.so.12.0.0   0000154EDEC2E57B  Unknown               Unknown  Unknown
libmpi.so.12.0.0   0000154EDEC2B9EE  Unknown               Unknown  Unknown
libmpi.so.12.0.0   0000154EDE96315A  Unknown               Unknown  Unknown
libmpi.so.12.0.0   0000154EDE962EAD  Unknown               Unknown  Unknown
libmpi.so.12.0.0   0000154EDE9CB5D3  Unknown               Unknown  Unknown
libmpi.so.12.0.0   0000154EDE9CB31F  Unknown               Unknown  Unknown
libmpi.so.12.0.0   0000154EDE9C8B37  Unknown               Unknown  Unknown
libmpi.so.12.0.0   0000154EDE9BB3F7  PMPI_Comm_dup         Unknown  Unknown
libmpifort.so.12.  0000154EDE2F6FEB  pmpi_comm_dup_        Unknown  Unknown
CCTM_v6.exe        00000000004D56C4  se_init_module_mp         166  se_init_module.F
CCTM_v6.exe        0000000001296C73  cmaq_driver_              478  driver.F
CCTM_v6.exe        00000000012963FB  MAIN__                     97  cmaq_main.F
CCTM_v6.exe        000000000041503D  Unknown               Unknown  Unknown
libc.so.6          0000154EDDA5158E  Unknown               Unknown  Unknown
libc.so.6          0000154EDDA51649  __libc_start_main     Unknown  Unknown
CCTM_v6.exe        0000000000414F55  Unknown               Unknown  Unknown
forrtl: severe (174): SIGSEGV, segmentation fault occurred
Image              PC                Routine            Line        Source             
libc.so.6          0000153EB56681C0  Unknown               Unknown  Unknown
libmpi.so.12.0.0   0000153EB660F276  Unknown               Unknown  Unknown
libmpi.so.12.0.0   0000153EB682E57B  Unknown               Unknown  Unknown
libmpi.so.12.0.0   0000153EB682B9EE  Unknown               Unknown  Unknown
libmpi.so.12.0.0   0000153EB656315A  Unknown               Unknown  Unknown
libmpi.so.12.0.0   0000153EB6562EAD  Unknown               Unknown  Unknown
libmpi.so.12.0.0   0000153EB65CB5D3  Unknown               Unknown  Unknown
libmpi.so.12.0.0   0000153EB65CB31F  Unknown               Unknown  Unknown
libmpi.so.12.0.0   0000153EB65C8B37  Unknown               Unknown  Unknown
libmpi.so.12.0.0   0000153EB65BB3F7  PMPI_Comm_dup         Unknown  Unknown
libmpifort.so.12.  0000153EB5EF6FEB  pmpi_comm_dup_        Unknown  Unknown
CCTM_v6.exe        00000000004D56C4  se_init_module_mp         166  se_init_module.F
CCTM_v6.exe        0000000001296C73  cmaq_driver_              478  driver.F
CCTM_v6.exe        00000000012963FB  MAIN__                     97  cmaq_main.F
CCTM_v6.exe        000000000041503D  Unknown               Unknown  Unknown
libc.so.6          0000153EB565158E  Unknown               Unknown  Unknown
libc.so.6          0000153EB5651649  __libc_start_main     Unknown  Unknown
CCTM_v6.exe        0000000000414F55  Unknown               Unknown  Unknown
forrtl: severe (174): SIGSEGV, segmentation fault occurred
Image              PC                Routine            Line        Source             
libc.so.6          000015046AE681C0  Unknown               Unknown  Unknown
libmpi.so.12.0.0   000015046BE0F276  Unknown               Unknown  Unknown
libmpi.so.12.0.0   000015046C02E57B  Unknown               Unknown  Unknown
libmpi.so.12.0.0   000015046C02B9EE  Unknown               Unknown  Unknown
libmpi.so.12.0.0   000015046BD6315A  Unknown               Unknown  Unknown
libmpi.so.12.0.0   000015046BD62EAD  Unknown               Unknown  Unknown
libmpi.so.12.0.0   000015046BDCB5D3  Unknown               Unknown  Unknown
libmpi.so.12.0.0   000015046BDCB31F  Unknown               Unknown  Unknown
libmpi.so.12.0.0   000015046BDC8B37  Unknown               Unknown  Unknown
libmpi.so.12.0.0   000015046BDBB3F7  PMPI_Comm_dup         Unknown  Unknown
libmpifort.so.12.  000015046B6F6FEB  pmpi_comm_dup_        Unknown  Unknown
CCTM_v6.exe        00000000004D56C4  se_init_module_mp         166  se_init_module.F
CCTM_v6.exe        0000000001296C73  cmaq_driver_              478  driver.F
CCTM_v6.exe        00000000012963FB  MAIN__                     97  cmaq_main.F
CCTM_v6.exe        000000000041503D  Unknown               Unknown  Unknown
libc.so.6          000015046AE5158E  Unknown               Unknown  Unknown
libc.so.6          000015046AE51649  __libc_start_main     Unknown  Unknown
CCTM_v6.exe        0000000000414F55  Unknown               Unknown  Unknown
forrtl: severe (174): SIGSEGV, segmentation fault occurred
Image              PC                Routine            Line        Source             
libc.so.6          00001548D72681C0  Unknown               Unknown  Unknown
libmpi.so.12.0.0   00001548D800F276  Unknown               Unknown  Unknown
libmpi.so.12.0.0   00001548D822E57B  Unknown               Unknown  Unknown
libmpi.so.12.0.0   00001548D822B9EE  Unknown               Unknown  Unknown
libmpi.so.12.0.0   00001548D7F6315A  Unknown               Unknown  Unknown
libmpi.so.12.0.0   00001548D7F62EAD  Unknown               Unknown  Unknown
libmpi.so.12.0.0   00001548D7FCB5D3  Unknown               Unknown  Unknown
libmpi.so.12.0.0   00001548D7FCB31F  Unknown               Unknown  Unknown
libmpi.so.12.0.0   00001548D7FC8B37  Unknown               Unknown  Unknown
libmpi.so.12.0.0   00001548D7FBB3F7  PMPI_Comm_dup         Unknown  Unknown
libmpifort.so.12.  00001548D78F6FEB  pmpi_comm_dup_        Unknown  Unknown
CCTM_v6.exe        00000000004D56C4  se_init_module_mp         166  se_init_module.F
CCTM_v6.exe        0000000001296C73  cmaq_driver_              478  driver.F
CCTM_v6.exe        00000000012963FB  MAIN__                     97  cmaq_main.F
CCTM_v6.exe        000000000041503D  Unknown               Unknown  Unknown
libc.so.6          00001548D725158E  Unknown               Unknown  Unknown
libc.so.6          00001548D7251649  __libc_start_main     Unknown  Unknown
CCTM_v6.exe        0000000000414F55  Unknown               Unknown  Unknown
forrtl: severe (174): SIGSEGV, segmentation fault occurred
Image              PC                Routine            Line        Source             
libc.so.6          000014BD244681C0  Unknown               Unknown  Unknown
libmpi.so.12.0.0   000014BD2540F276  Unknown               Unknown  Unknown
libmpi.so.12.0.0   000014BD2562E57B  Unknown               Unknown  Unknown
libmpi.so.12.0.0   000014BD2562B9EE  Unknown               Unknown  Unknown
libmpi.so.12.0.0   000014BD2536315A  Unknown               Unknown  Unknown
libmpi.so.12.0.0   000014BD25362EAD  Unknown               Unknown  Unknown
libmpi.so.12.0.0   000014BD253CB5D3  Unknown               Unknown  Unknown
libmpi.so.12.0.0   000014BD253CB31F  Unknown               Unknown  Unknown
libmpi.so.12.0.0   000014BD253C8B37  Unknown               Unknown  Unknown
libmpi.so.12.0.0   000014BD253BB3F7  PMPI_Comm_dup         Unknown  Unknown
libmpifort.so.12.  000014BD24CF6FEB  pmpi_comm_dup_        Unknown  Unknown
CCTM_v6.exe        00000000004D56C4  se_init_module_mp         166  se_init_module.F
CCTM_v6.exe        0000000001296C73  cmaq_driver_              478  driver.F
CCTM_v6.exe        00000000012963FB  MAIN__                     97  cmaq_main.F
CCTM_v6.exe        000000000041503D  Unknown               Unknown  Unknown
libc.so.6          000014BD2445158E  Unknown               Unknown  Unknown
forrtl: severe (174): SIGSEGV, segmentation fault occurred
Image              PC                Routine            Line        Source             
libc.so.6          0000145854A681C0  Unknown               Unknown  Unknown
libmpi.so.12.0.0   0000145855A0F276  Unknown               Unknown  Unknown
libmpi.so.12.0.0   0000145855C2E57B  Unknown               Unknown  Unknown
libmpi.so.12.0.0   0000145855C2B9EE  Unknown               Unknown  Unknown
libmpi.so.12.0.0   000014585596315A  Unknown               Unknown  Unknown
libmpi.so.12.0.0   0000145855962EAD  Unknown               Unknown  Unknown
libmpi.so.12.0.0   00001458559CB5D3  Unknown               Unknown  Unknown
libmpi.so.12.0.0   00001458559CB31F  Unknown               Unknown  Unknown
libmpi.so.12.0.0   00001458559C8B37  Unknown               Unknown  Unknown
libmpi.so.12.0.0   00001458559BB3F7  PMPI_Comm_dup         Unknown  Unknown
libmpifort.so.12.  00001458552F6FEB  pmpi_comm_dup_        Unknown  Unknown
CCTM_v6.exe        00000000004D56C4  se_init_module_mp         166  se_init_module.F
CCTM_v6.exe        0000000001296C73  cmaq_driver_              478  driver.F
CCTM_v6.exe        00000000012963FB  MAIN__                     97  cmaq_main.F
CCTM_v6.exe        000000000041503D  Unknown               Unknown  Unknown
libc.so.6          0000145854A5158E  Unknown               Unknown  Unknown
libc.so.6          0000145854A51649  __libc_start_main     Unknown  Unknown
CCTM_v6.exe        0000000000414F55  Unknown               Unknown  Unknown
libc.so.6          000014BD24451649  __libc_start_main     Unknown  Unknown
CCTM_v6.exe        0000000000414F55  Unknown               Unknown  Unknown
forrtl: severe (174): SIGSEGV, segmentation fault occurred
Image              PC                Routine            Line        Source             
libc.so.6          000014E49A2681C0  Unknown               Unknown  Unknown
libmpi.so.12.0.0   000014E49B20F276  Unknown               Unknown  Unknown
libmpi.so.12.0.0   000014E49B42E57B  Unknown               Unknown  Unknown
libmpi.so.12.0.0   000014E49B42B9EE  Unknown               Unknown  Unknown
libmpi.so.12.0.0   000014E49B16315A  Unknown               Unknown  Unknown
libmpi.so.12.0.0   000014E49B162EAD  Unknown               Unknown  Unknown
libmpi.so.12.0.0   000014E49B1CB5D3  Unknown               Unknown  Unknown
libmpi.so.12.0.0   000014E49B1CB31F  Unknown               Unknown  Unknown
libmpi.so.12.0.0   000014E49B1C8B37  Unknown               Unknown  Unknown
libmpi.so.12.0.0   000014E49B1BB3F7  PMPI_Comm_dup         Unknown  Unknown
libmpifort.so.12.  000014E49AAF6FEB  pmpi_comm_dup_        Unknown  Unknown
CCTM_v6.exe        00000000004D56C4  se_init_module_mp         166  se_init_module.F
CCTM_v6.exe        0000000001296C73  cmaq_driver_              478  driver.F
CCTM_v6.exe        00000000012963FB  MAIN__                     97  cmaq_main.F
CCTM_v6.exe        000000000041503D  Unknown               Unknown  Unknown
libc.so.6          000014E49A25158E  Unknown               Unknown  Unknown
libc.so.6          000014E49A251649  __libc_start_main     Unknown  Unknown
CCTM_v6.exe        0000000000414F55  Unknown               Unknown  Unknown
forrtl: severe (174): SIGSEGV, segmentation fault occurred
Image              PC                Routine            Line        Source             
libc.so.6          000014A86B6681C0  Unknown               Unknown  Unknown
libmpi.so.12.0.0   000014A86C60F276  Unknown               Unknown  Unknown
libmpi.so.12.0.0   000014A86C82E57B  Unknown               Unknown  Unknown
libmpi.so.12.0.0   000014A86C82B9EE  Unknown               Unknown  Unknown
libmpi.so.12.0.0   000014A86C56315A  Unknown               Unknown  Unknown
libmpi.so.12.0.0   000014A86C562EAD  Unknown               Unknown  Unknown
libmpi.so.12.0.0   000014A86C5CB5D3  Unknown               Unknown  Unknown
libmpi.so.12.0.0   000014A86C5CB31F  Unknown               Unknown  Unknown
libmpi.so.12.0.0   000014A86C5C8B37  Unknown               Unknown  Unknown
libmpi.so.12.0.0   000014A86C5BB3F7  PMPI_Comm_dup         Unknown  Unknown
libmpifort.so.12.  000014A86BEF6FEB  pmpi_comm_dup_        Unknown  Unknown
CCTM_v6.exe        00000000004D56C4  se_init_module_mp         166  se_init_module.F
CCTM_v6.exe        0000000001296C73  cmaq_driver_              478  driver.F
CCTM_v6.exe        00000000012963FB  MAIN__                     97  cmaq_main.F
CCTM_v6.exe        000000000041503D  Unknown               Unknown  Unknown
libc.so.6          000014A86B65158E  Unknown               Unknown  Unknown
libc.so.6          000014A86B651649  __libc_start_main     Unknown  Unknown
CCTM_v6.exe        0000000000414F55  Unknown               Unknown  Unknown
srun: error: nep15080403: tasks 16-31: Exited with exit code 174
srun: Terminating StepId=3956290.0
srun: error: nep15080401: tasks 0-15: Exited with exit code 174

**************************************************************
** Runscript Detected an Error: CGRID file was not written. **
**   This indicates that CMAQ was interrupted or an issue   **
**   exists with writing output. The runscript will now     **
**   abort rather than proceeding to subsequent days.       **
**************************************************************

==================================
  ***** CMAQ TIMING REPORT *****
==================================
Start Day: 2022-07-01
End Day:   2022-07-02
Number of Simulation Days: 1
Domain Name:               SE60BENCH
Number of Grid Cells:      280000  (ROW x COL x LAY)
Number of Layers:          35
Number of Processes:       32
   All times are in seconds.

Num  Day        Wall Time
01   2022-07-01   15080403
     Total Time = 15080403.00
      Avg. Time = 15080403.00
